Command: C:\Espressif\tools\python\v6.0.1\venv\Scripts\python.exe C:\esp\v6.0.1\esp-idf\tools/idf_monitor.py -p COM3 -b 115200 --toolchain-prefix xtensa-esp32-elf- --target esp32 --revision 0 C:\Users\luis_\Documents\PISDRRSLCODE\build\pisdrsl.elf C:\Users\luis_\Documents\PISDRRSLCODE\build\bootloader\bootloader.elf --force-color -m 'C:\Espressif\tools\python\v6.0.1\venv\Scripts\python.exe' 'C:\esp\v6.0.1\esp-idf\tools\idf.py'
PI_FAST_FLASH_BOOT)
configsip: 0, SPIWP:0xee
clk_drv:0x00,q_drv:0x00,d_drv:0x00,cs0_drv:0x00,hd_drv:0x00,wp_drv:0x00
mode:DIO, clock div:2
load:0x3fff0040,len:6272
load:0x�ets Jul 29 2019 12:21:46

rst:0x1 (POWERON_RESET),boot:0x13 (SPI_FAST_FLASH_BOOT)
configsip: 0, SPIWP:0xee
clk_drv:0x00,q_drv:0x00,d_drv:0x00,cs0_drv:0x00,hd_drv:0x00,wp_drv:0x00
mode:DIO, clock div:2
load:0x3fff0040,len:6272
load:0x40078000,len:15848
load:0x40080400,len:3920
entry 0x40080644
[0;32mI (27) boot: ESP-IDF v6.0.1 2nd stage bootloader[0m
[0;32mI (27) boot: compile time May 25 2026 21:08:02[0m
[0;32mI (27) boot: Multicore bootloader[0m
[0;32mI (29) boot: chip revision: v3.1[0m
[0;32mI (32) boot.esp32: SPI Speed      : 40MHz[0m
[0;32mI (35) boot.esp32: SPI Mode       : DIO[0m
[0;32mI (39) boot.esp32: SPI Flash Size : 2MB[0m
[0;32mI (42) boot: Enabling RNG early entropy source...[0m
[0;32mI (47) boot: Partition Table:[0m
[0;32mI (49) boot: ## Label            Usage          Type ST Offset   Length[0m
[0;32mI (56) boot:  0 nvs              WiFi data        01 02 00009000 00006000[0m
[0;32mI (62) boot:  1 phy_init         RF data          01 01 0000f000 00001000[0m
[0;32mI (69) boot:  2 factory          factory app      00 00 00010000 00100000[0m
[0;32mI (75) boot: End of partition table[0m
[0;32mI (79) esp_image: segment 0: paddr=00010020 vaddr=3f400020 size=1cf4ch (118604) map[0m
[0;32mI (128) esp_image: segment 1: paddr=0002cf74 vaddr=3ffb0000 size=030a4h ( 12452) load[0m
[0;32mI (134) esp_image: segment 2: paddr=00030020 vaddr=400d0020 size=8f488h (586888) map[0m
[0;32mI (343) esp_image: segment 3: paddr=000bf4b0 vaddr=3ffb30a4 size=01518h (  5400) load[0m
[0;32mI (345) esp_image: segment 4: paddr=000c09d0 vaddr=40080000 size=15ed8h ( 89816) load[0m
[0;32mI (383) esp_image: segment 5: paddr=000d68b0 vaddr=50000000 size=00028h (    40) load[0m
[0;32mI (395) boot: Loaded app from partition at offset 0x10000[0m
[0;32mI (395) boot: Disabling RNG early entropy source...[0m
[0;32mI (405) cpu_start: Multicore app[0m
[0;32mI (413) cpu_start: GPIO 3 and 1 are used as console UART I/O pins[0m
[0;32mI (414) cpu_start: Pro cpu start user code[0m
[0;32mI (414) cpu_start: cpu freq: 160000000 Hz[0m
[0;32mI (416) app_init: Application information:[0m
[0;32mI (419) app_init: Project name:     pisdrsl[0m
[0;32mI (423) app_init: App version:      1[0m
[0;32mI (427) app_init: Compile time:     May 25 2026 21:07:46[0m
[0;32mI (432) app_init: ELF file SHA256:  3fed37edb...[0m
[0;32mI (436) app_init: ESP-IDF:          v6.0.1[0m
[0;32mI (440) efuse_init: Min chip rev:     v0.0[0m
[0;32mI (444) efuse_init: Max chip rev:     v3.99 [0m
[0;32mI (448) efuse_init: Chip rev:         v3.1[0m
[0;32mI (452) heap_init: Initializing. RAM available for dynamic allocation:[0m
[0;32mI (458) heap_init: At 3FFAE6E0 len 00001920 (6 KiB): DRAM[0m
[0;32mI (463) heap_init: At 3FFB8AD8 len 00027528 (157 KiB): DRAM[0m
[0;32mI (468) heap_init: At 3FFE0440 len 00003AE0 (14 KiB): D/IRAM[0m
[0;32mI (474) heap_init: At 3FFE4350 len 0001BCB0 (111 KiB): D/IRAM[0m
[0;32mI (479) heap_init: At 40095ED8 len 0000A128 (40 KiB): IRAM[0m
[0;33mW (486) spi_flash: Detected boya flash chip but using generic driver. For optimal functionality, enable `SPI_FLASH_SUPPORT_BOYA_CHIP` in menuconfig[0m
[0;32mI (497) spi_flash: detected chip: generic[0m
[0;32mI (501) spi_flash: flash io: dio[0m
[0;33mW (504) spi_flash: Detected size(4096k) larger than the size in the binary image header(2048k). Using the size in the binary image header.[0m
[0;32mI (518) main_task: Started on CPU0[0m
[0;32mI (520) main_task: Calling app_main()[0m
[0;32mI (522) PISDRSL: =========================================[0m
[0;32mI (527) PISDRSL:  PISDRSL · ESP32 IDF v5 · Ts = 10 ms   [0m
[0;32mI (533) PISDRSL:  Telemetria: UDP broadcast puerto 5005    [0m
[0;32mI (538) PISDRSL: =========================================[0m
[0;32mI (774) PISDRSL: MPU6050 OK[0m
[0;32mI (775) PISDRSL: Encoders PCNT OK (cuadratura 4x, filtro 1µs)[0m
[1;31mE (778) ledc: requested frequency 20000 and duty resolution 13 can not be achieved, try reducing freq_hz or duty_resolution. div_param=0[0m
ESP_ERROR_CHECK failed: esp_err_t 0xffffffff (ESP_FAIL) at 0x400dc380
file: "./main/main.c" line 518
func: hw_ledc_init
expression: ledc_timer_config(&tmr)

abort() was called at PC 0x40089fab on core 0


Backtrace: 0x4008a051:0x3ffbc000 0x4008a019:0x3ffbc020 0x40089c3d:0x3ffbc040 0x40089fab:0x3ffbc0b0 0x400dc380:0x3ffbc0e0 0x400dc7f5:0x3ffbc170 0x400d5bee:0x3ffbc1c0 0x4015b4ba:0x3ffbc1f0




ELF file SHA256: 3fed37edb

Rebooting...
ets Jul 29 2019 12:21:46

rst:0xc (SW_CPU_RESET),boot:0x13 (SPI_FAST_FLASH_BOOT)
configsip: 0, SPIWP:0xee
clk_drv:0x00,q_drv:0x00,d_drv:0x00,cs0_drv:0x00,hd_drv:0x00,wp_drv:0x00
mode:DIO, clock div:2
load:0x3fff0040,len:6272
load:0x40078000,len:15848
load:0x40080400,len:3920
entry 0x40080644
[0;32mI (27) boot: ESP-IDF v6.0.1 2nd stage bootloader[0m
[0;32mI (27) boot: compile time May 25 2026 21:08:02[0m
[0;32mI (27) boot: Multicore bootloader[0m
[0;32mI (29) boot: chip revision: v3.1[0m
[0;32mI (31) boot.esp32: SPI Speed      : 40MHz[0m
[0;32mI (35) boot.esp32: SPI Mode       : DIO[0m
[0;32mI (39) boot.esp32: SPI Flash Size : 2MB[0m
[0;32mI (42) boot: Enabling RNG early entropy source...[0m
[0;32mI (47) boot: Partition Table:[0m
[0;32mI (49) boot: ## Label            Usage          Type ST Offset   Length[0m
[0;32mI (56) boot:  0 nvs              WiFi data        01 02 00009000 00006000[0m
[0;32mI (62) boot:  1 phy_init         RF data          01 01 0000f000 00001000[0m
[0;32mI (69) boot:  2 factory          factory app      00 00 00010000 00100000[0m
[0;32mI (75) boot: End of partition table[0m
[0;32mI (79) esp_image: segment 0: paddr=00010020 vaddr=3f400020 size=1cf4ch (118604) map[0m
[0;32mI (128) esp_image: segment 1: paddr=0002cf74 vaddr=3ffb0000 size=030a4h ( 12452) load[0m
[0;32mI (133) esp_image: segment 2: paddr=00030020 vaddr=400d0020 size=8f488h (586888) map[0m
[0;32mI (343) esp_image: segment 3: paddr=000bf4b0 vaddr=3ffb30a4 size=01518h (  5400) load[0m
[0;32mI (345) esp_image: segment 4: paddr=000c09d0 vaddr=40080000 size=15ed8h ( 89816) load[0m
[0;32mI (383) esp_image: segment 5: paddr=000d68b0 vaddr=50000000 size=00028h (    40) load[0m
[0;32mI (395) boot: Loaded app from partition at offset 0x10000[0m
I (395) boot: Disabling RNG early entropy source...
[0;32mI (405) cpu_start: Multicore app[0m
[0;32mI (413) cpu_start: GPIO 3 and 1 are used as console UART I/O pins[0m
[0;32mI (414) cpu_start: Pro cpu start user code[0m
[0;32mI (414) cpu_start: cpu freq: 160000000 Hz[0m
[0;32mI (416) app_init: Application information:[0m
[0;32mI (419) app_init: Project name:     pisdrsl[0m
[0;32mI (423) app_init: App version:      1[0m
[0;32mI (427) app_init: Compile time:     May 25 2026 21:07:46[0m
[0;32mI (432) app_init: ELF file SHA256:  3fed37edb...[0m
[0;32mI (436) app_init: ESP-IDF:          v6.0.1[0m
[0;32mI (440) efuse_init: Min chip rev:     v0.0[0m
[0;32mI (444) efuse_init: Max chip rev:     v3.99 [0m
[0;32mI (448) efuse_init: Chip rev:         v3.1[0m
[0;32mI (452) heap_init: Initializing. RAM available for dynamic allocation:[0m
[0;32mI (458) heap_init: At 3FFAE6E0 len 00001920 (6 KiB): DRAM[0m
[0;32mI (463) heap_init: At 3FFB8AD8 len 00027528 (157 KiB): DRAM[0m
[0;32mI (468) heap_init: At 3FFE0440 len 00003AE0 (14 KiB): D/IRAM[0m
[0;32mI (473) heap_init: At 3FFE4350 len 0001BCB0 (111 KiB): D/IRAM[0m
[0;32mI (479) heap_init: At 40095ED8 len 0000A128 (40 KiB): IRAM[0m
[0;33mW (485) spi_flash: Detected boya flash chip but using generic driver. For optimal functionality, enable `SPI_FLASH_SUPPORT_BOYA_CHIP` in menuconfig[0m
[0;32mI (497) spi_flash: detected chip: generic[0m
[0;32mI (501) spi_flash: flash io: dio[0m
[0;33mW (504) spi_flash: Detected size(4096k) larger than the size in the binary image header(2048k). Using the size in the binary image header.[0m
[0;32mI (518) main_task: Started on CPU0[0m
[0;32mI (520) main_task: Calling app_main()[0m
[0;32mI (522) PISDRSL: =========================================[0m
[0;32mI (527) PISDRSL:  PISDRSL · ESP32 IDF v5 · Ts = 10 ms   [0m
[0;32mI (533) PISDRSL:  Telemetria: UDP broadcast puerto 5005    [0m
[0;32mI (538) PISDRSL: =========================================[0m
[0;32mI (774) PISDRSL: MPU6050 OK[0m
[0;32mI (775) PISDRSL: Encoders PCNT OK (cuadratura 4x, filtro 1µs)[0m
[1;31mE (778) ledc: requested frequency 20000 and duty resolution 13 can not be achieved, try reducing freq_hz or duty_resolution. div_param=0[0m
ESP_ERROR_CHECK failed: esp_err_t 0xffffffff (ESP_FAIL) at 0x400dc380
file: "./main/main.c" line 518
func: hw_ledc_init
expression: ledc_timer_config(&tmr)

abort() was called at PC 0x40089fab on core 0


Backtrace: 0x4008a051:0x3ffbc000 0x4008a019:0x3ffbc020 0x40089c3d:0x3ffbc040 0x40089fab:0x3ffbc0b0 0x400dc380:0x3ffbc0e0 0x400dc7f5:0x3ffbc170 0x400d5bee:0x3ffbc1c0 0x4015b4ba:0x3ffbc1f0




ELF file SHA256: 3fed37edb

Rebooting...
ets Jul 29 2019 12:21:46

rst:0xc (SW_CPU_RESET),boot:0x13 (SPI_FAST_FLASH_BOOT)
configsip: 0, SPIWP:0xee
clk_drv:0x00,q_drv:0x00,d_drv:0x00,cs0_drv:0x00,hd_drv:0x00,wp_drv:0x00
mode:DIO, clock div:2
load:0x3fff0040,len:6272
load:0x40078000,len:15848
load:0x40080400,len:3920
entry 0x40080644
[0;32mI (27) boot: ESP-IDF v6.0.1 2nd stage bootloader[0m
[0;32mI (27) boot: compile time May 25 2026 21:08:02[0m
[0;32mI (27) boot: Multicore bootloader[0m
[0;32mI (29) boot: chip revision: v3.1[0m
[0;32mI (31) boot.esp32: SPI Speed      : 40MHz[0m
[0;32mI (35) boot.esp32: SPI Mode       : DIO[0m
[0;32mI (39) boot.esp32: SPI Flash Size : 2MB[0m
[0;32mI (42) boot: Enabling RNG early entropy source...[0m
[0;32mI (47) boot: Partition Table:[0m
[0;32mI (49) boot: ## Label            Usage          Type ST Offset   Length[0m
[0;32mI (56) boot:  0 nvs              WiFi data        01 02 00009000 00006000[0m
[0;32mI (62) boot:  1 phy_init         RF data          01 01 0000f000 00001000[0m
[0;32mI (69) boot:  2 factory          factory app      00 00 00010000 00100000[0m
[0;32mI (75) boot: End of partition table[0m
[0;32mI (79) esp_image: segment 0: paddr=00010020 vaddr=3f400020 size=1cf4ch (118604) map[0m
[0;32mI (128) esp_image: segment 1: paddr=0002cf74 vaddr=3ffb0000 size=030a4h ( 12452) load[0m
[0;32mI (133) esp_image: segment 2: paddr=00030020 vaddr=400d0020 size=8f488h (586888) map[0m
[0;32mI (343) esp_image: segment 3: paddr=000bf4b0 vaddr=3ffb30a4 size=01518h (  5400) load[0m
[0;32mI (345) esp_image: segment 4: paddr=000c09d0 vaddr=40080000 size=15ed8h ( 89816) load[0m
[0;32mI (383) esp_image: segment 5: paddr=000d68b0 vaddr=50000000 size=00028h (    40) load[0m
[0;32mI (395) boot: Loaded app from partition at offset 0x10000[0m
[0;32mI (395) boot: Disabling RNG early entropy source...[0m
[0;32mI (405) cpu_start: Multicore app[0m
[0;32mI (413) cpu_start: GPIO 3 and 1 are used as console UART I/O pins[0m
[0;32mI (414) cpu_start: Pro cpu start user code[0m
[0;32mI (414) cpu_start: cpu freq: 160000000 Hz[0m
[0;32mI (416) app_init: Application information:[0m
[0;32mI (419) app_init: Project name:     pisdrsl[0m
[0;32mI (423) app_init: App version:      1[0m
[0;32mI (427) app_init: Compile time:     May 25 2026 21:07:46[0m
[0;32mI (432) app_init: ELF file SHA256:  3fed37edb...[0m
[0;32mI (436) app_init: ESP-IDF:          v6.0.1[0m
[0;32mI (440) efuse_init: Min chip rev:     v0.0[0m
[0;32mI (444) efuse_init: Max chip rev:     v3.99 [0m
[0;32mI (448) efuse_init: Chip rev:         v3.1[0m
[0;32mI (452) heap_init: Initializing. RAM available for dynamic allocation:[0m
[0;32mI (458) heap_init: At 3FFAE6E0 len 00001920 (6 KiB): DRAM[0m
[0;32mI (463) heap_init: At 3FFB8AD8 len 00027528 (157 KiB): DRAM[0m
[0;32mI (468) heap_init: At 3FFE0440 len 00003AE0 (14 KiB): D/IRAM[0m
[0;32mI (473) heap_init: At 3FFE4350 len 0001BCB0 (111 KiB): D/IRAM[0m
[0;32mI (479) heap_init: At 40095ED8 len 0000A128 (40 KiB): IRAM[0m
[0;33mW (485) spi_flash: Detected boya flash chip but using generic driver. For optimal functionality, enable `SPI_FLASH_SUPPORT_BOYA_CHIP` in menuconfig[0m
[0;32mI (497) spi_flash: detected chip: generic[0m
[0;32mI (501) spi_flash: flash io: dio[0m
[0;33mW (504) spi_flash: Detected size(4096k) larger than the size in the binary image header(2048k). Using the size in the binary image header.[0m
[0;32mI (518) main_task: Started on CPU0[0m
[0;32mI (520) main_task: Calling app_main()[0m
[0;32mI (522) PISDRSL: =========================================[0m
[0;32mI (527) PISDRSL:  PISDRSL · ESP32 IDF v5 · Ts = 10 ms   [0m
[0;32mI (533) PISDRSL:  Telemetria: UDP broadcast puerto 5005    [0m
[0;32mI (538) PISDRSL: =========================================[0m
[0;32mI (774) PISDRSL: MPU6050 OK[0m
[0;32mI (775) PISDRSL: Encoders PCNT OK (cuadratura 4x, filtro 1µs)[0m
[1;31mE (778) ledc: requested frequency 20000 and duty resolution 13 can not be achieved, try reducing freq_hz or duty_resolution. div_param=0[0m
ESP_ERROR_CHECK failed: esp_err_t 0xffffffff (ESP_FAIL) at 0x400dc380
file: "./main/main.c" line 518
func: hw_ledc_init
expression: ledc_timer_config(&tmr)

abort() was called at PC 0x40089fab on core 0


Backtrace: 0x4008a051:0x3ffbc000 0x4008a019:0x3ffbc020 0x40089c3d:0x3ffbc040 0x40089fab:0x3ffbc0b0 0x400dc380:0x3ffbc0e0 0x400dc7f5:0x3ffbc170 0x400d5bee:0x3ffbc1c0 0x4015b4ba:0x3ffbc1f0




ELF file SHA256: 3fed37edb

Rebooting...
ets Jul 29 2019 12:21:46

rst:0xc (SW_CPU_RESET),boot:0x13 (SPI_FAST_FLASH_BOOT)
configsip: 0, SPIWP:0xee
clk_drv:0x00,q_drv:0x00,d_drv:0x00,cs0_drv:0x00,hd_drv:0x00,wp_drv:0x00
mode:DIO, clock div:2
load:0x3fff0040,len:6272
load:0x40078000,len:15848
load:0x40080400,len:3920
entry 0x40080644
[0;32mI (27) boot: ESP-IDF v6.0.1 2nd stage bootloader[0m
[0;32mI (27) boot: compile time May 25 2026 21:08:02[0m
[0;32mI (27) boot: Multicore bootloader[0m
[0;32mI (29) boot: chip revision: v3.1[0m
[0;32mI (31) boot.esp32: SPI Speed      : 40MHz[0m
[0;32mI (35) boot.esp32: SPI Mode       : DIO[0m
[0;32mI (39) boot.esp32: SPI Flash Size : 2MB[0m
[0;32mI (42) boot: Enabling RNG early entropy source...[0m
[0;32mI (47) boot: Partition Table:[0m
[0;32mI (49) boot: ## Label            Usage          Type ST Offset   Length[0m
[0;32mI (56) boot:  0 nvs              WiFi data        01 02 00009000 00006000[0m
[0;32mI (62) boot:  1 phy_init         RF data          01 01 0000f000 00001000[0m
[0;32mI (69) boot:  2 factory          factory app      00 00 00010000 00100000[0m
[0;32mI (75) boot: End of partition table[0m
[0;32mI (79) esp_image: segment 0: paddr=00010020 vaddr=3f400020 size=1cf4ch (118604) map[0m
[0;32mI (128) esp_image: segment 1: paddr=0002cf74 vaddr=3ffb0000 size=030a4h ( 12452) load[0m
[0;32mI (133) esp_image: segment 2: paddr=00030020 vaddr=400d0020 size=8f488h (586888) map[0m
[0;32mI (343) esp_image: segment 3: paddr=000bf4b0 vaddr=3ffb30a4 size=01518h (  5400) load[0m
[0;32mI (345) esp_image: segment 4: paddr=000c09d0 vaddr=40080000 size=15ed8h ( 89816) load[0m
[0;32mI (383) esp_image: segment 5: paddr=000d68b0 vaddr=50000000 size=00028h (    40) load[0m
[0;32mI (395) boot: Loaded app from partition at offset 0x10000[0m
[0;32mI (395) boot: Disabling RNG early entropy source...[0m
[0;32mI (405) cpu_start: Multicore app[0m
[0;32mI (413) cpu_start: GPIO 3 and 1 are used as console UART I/O pins[0m
[0;32mI (414) cpu_start: Pro cpu start user code[0m
[0;32mI (414) cpu_start: cpu freq: 160000000 Hz[0m
[0;32mI (416) app_init: Application information:[0m
[0;32mI (419) app_init: Project name:     pisdrsl[0m
[0;32mI (423) app_init: App version:      1[0m
[0;32mI (427) app_init: Compile time:     May 25 2026 21:07:46[0m
[0;32mI (432) app_init: ELF file SHA256:  3fed37edb...[0m
[0;32mI (436) app_init: ESP-IDF:          v6.0.1[0m
[0;32mI (440) efuse_init: Min chip rev:     v0.0[0m
[0;32mI (444) efuse_init: Max chip rev:     v3.99 [0m
[0;32mI (448) efuse_init: Chip rev:         v3.1[0m
[0;32mI (452) heap_init: Initializing. RAM available for dynamic allocation:[0m
[0;32mI (458) heap_init: At 3FFAE6E0 len 00001920 (6 KiB): DRAM[0m
[0;32mI (463) heap_init: At 3FFB8AD8 len 00027528 (157 KiB): DRAM[0m
[0;32mI (468) heap_init: At 3FFE0440 len 00003AE0 (14 KiB): D/IRAM[0m
[0;32mI (473) heap_init: At 3FFE4350 len 0001BCB0 (111 KiB): D/IRAM[0m
[0;32mI (479) heap_init: At 40095ED8 len 0000A128 (40 KiB): IRAM[0m
[0;33mW (485) spi_flash: Detected boya flash chip but using generic driver. For optimal functionality, enable `SPI_FLASH_SUPPORT_BOYA_CHIP` in menuconfig[0m
[0;32mI (497) spi_flash: detected chip: generic[0m
[0;32mI (501) spi_flash: flash io: dio[0m
[0;33mW (504) spi_flash: Detected size(4096k) larger than the size in the binary image header(2048k). Using the size in the binary image header.[0m
[0;32mI (518) main_task: Started on CPU0[0m
[0;32mI (520) main_task: Calling app_main()[0m
[0;32mI (522) PISDRSL: =========================================[0m
[0;32mI (527) PISDRSL:  PISDRSL · ESP32 IDF v5 · Ts = 10 ms   [0m
[0;32mI (533) PISDRSL:  Telemetria: UDP broadcast puerto 5005    [0m
[0;32mI (538) PISDRSL: =========================================[0m
[0;32mI (774) PISDRSL: MPU6050 OK[0m
[0;32mI (775) PISDRSL: Encoders PCNT OK (cuadratura 4x, filtro 1µs)[0m
[1;31mE (778) ledc: requested frequency 20000 and duty resolution 13 can not be achieved, try reducing freq_hz or duty_resolution. div_param=0[0m
ESP_ERROR_CHECK failed: esp_err_t 0xffffffff (ESP_FAIL) at 0x400dc380
file: "./main/main.c" line 518
func: hw_ledc_init
expression: ledc_timer_config(&tmr)

abort() was called at PC 0x40089fab on core 0


Backtrace: 0x4008a051:0x3ffbc000 0x4008a019:0x3ffbc020 0x40089c3d:0x3ffbc040 0x40089fab:0x3ffbc0b0 0x400dc380:0x3ffbc0e0 0x400dc7f5:0x3ffbc170 0x400d5bee:0x3ffbc1c0 0x4015b4ba:0x3ffbc1f0




ELF file SHA256: 3fed37edb

Rebooting...
ets Jul 29 2019 12:21:46

rst:0xc (SW_CPU_RESET),boot:0x13 (SPI_FAST_FLASH_BOOT)
configsip: 0, SPIWP:0xee
clk_drv:0x00,q_drv:0x00,d_drv:0x00,cs0_drv:0x00,hd_drv:0x00,wp_drv:0x00
mode:DIO, clock div:2
load:0x3fff0040,len:6272
load:0x40078000,len:15848
load:0x40080400,len:3920
entry 0x40080644
[0;32mI (27) boot: ESP-IDF v6.0.1 2nd stage bootloader[0m
[0;32mI (27) boot: compile time May 25 2026 21:08:02[0m
[0;32mI (27) boot: Multicore bootloader[0m
[0;32mI (29) boot: chip revision: v3.1[0m
[0;32mI (31) boot.esp32: SPI Speed      : 40MHz[0m
[0;32mI (35) boot.esp32: SPI Mode       : DIO[0m
[0;32mI (39) boot.esp32: SPI Flash Size : 2MB[0m
[0;32mI (42) boot: Enabling RNG early entropy source...[0m
[0;32mI (47) boot: Partition Table:[0m
[0;32mI (49) boot: ## Label            Usage          Type ST Offset   Length[0m
[0;32mI (56) boot:  0 nvs              WiFi data        01 02 00009000 00006000[0m
[0;32mI (62) boot:  1 phy_init         RF data          01 01 0000f000 00001000[0m
[0;32mI (69) boot:  2 factory          factory app      00 00 00010000 00100000[0m
[0;32mI (75) boot: End of partition table[0m
[0;32mI (79) esp_image: segment 0: paddr=00010020 vaddr=3f400020 size=1cf4ch (118604) map[0m
[0;32mI (128) esp_image: segment 1: paddr=0002cf74 vaddr=3ffb0000 size=030a4h ( 12452) load[0m
[0;32mI (133) esp_image: segment 2: paddr=00030020 vaddr=400d0020 size=8f488h (586888) map[0m
[0;32mI (343) esp_image: segment 3: paddr=000bf4b0 vaddr=3ffb30a4 size=01518h (  5400) load[0m
[0;32mI (345) esp_image: segment 4: paddr=000c09d0 vaddr=40080000 size=15ed8h ( 89816) load[0m
[0;32mI (383) esp_image: segment 5: paddr=000d68b0 vaddr=50000000 size=00028h (    40) load[0m
[0;32mI (395) boot: Loaded app from partition at offset 0x10000[0m
[0;32mI (395) boot: Disabling RNG early entropy source...[0m
[0;32mI (405) cpu_start: Multicore app[0m
[0;32mI (413) cpu_start: GPIO 3 and 1 are used as console UART I/O pins[0m
[0;32mI (414) cpu_start: Pro cpu start user code[0m
[0;32mI (414) cpu_start: cpu freq: 160000000 Hz[0m
[0;32mI (416) app_init: Application information:[0m
[0;32mI (419) app_init: Project name:     pisdrsl[0m
[0;32mI (423) app_init: App version:      1[0m
[0;32mI (427) app_init: Compile time:     May 25 2026 21:07:46[0m
[0;32mI (432) app_init: ELF file SHA256:  3fed37edb...[0m
[0;32mI (436) app_init: ESP-IDF:          v6.0.1[0m
[0;32mI (440) efuse_init: Min chip rev:     v0.0[0m
[0;32mI (444) efuse_init: Max chip rev:     v3.99 [0m
[0;32mI (448) efuse_init: Chip rev:         v3.1[0m
[0;32mI (452) heap_init: Initializing. RAM available for dynamic allocation:[0m
[0;32mI (458) heap_init: At 3FFAE6E0 len 00001920 (6 KiB): DRAM[0m
[0;32mI (463) heap_init: At 3FFB8AD8 len 00027528 (157 KiB): DRAM[0m
[0;32mI (468) heap_init: At 3FFE0440 len 00003AE0 (14 KiB): D/IRAM[0m
[0;32mI (473) heap_init: At 3FFE4350 len 0001BCB0 (111 KiB): D/IRAM[0m
[0;32mI (479) heap_init: At 40095ED8 len 0000A128 (40 KiB): IRAM[0m
[0;33mW (485) spi_flash: Detected boya flash chip but using generic driver. For optimal functionality, enable `SPI_FLASH_SUPPORT_BOYA_CHIP` in menuconfig[0m
[0;32mI (497) spi_flash: detected chip: generic[0m
[0;32mI (501) spi_flash: flash io: dio[0m
[0;33mW (504) spi_flash: Detected size(4096k) larger than the size in the binary image header(2048k). Using the size in the binary image header.[0m
[0;32mI (518) main_task: Started on CPU0[0m
[0;32mI (520) main_task: Calling app_main()[0m
[0;32mI (522) PISDRSL: =========================================[0m
[0;32mI (527) PISDRSL:  PISDRSL · ESP32 IDF v5 · Ts = 10 ms   [0m
[0;32mI (533) PISDRSL:  Telemetria: UDP broadcast puerto 5005    [0m
[0;32mI (538) PISDRSL: =========================================[0m
[0;32mI (774) PISDRSL: MPU6050 OK[0m
[0;32mI (775) PISDRSL: Encoders PCNT OK (cuadratura 4x, filtro 1µs)[0m
[1;31mE (778) ledc: requested frequency 20000 and duty resolution 13 can not be achieved, try reducing freq_hz or duty_resolution. div_param=0[0m
ESP_ERROR_CHECK failed: esp_err_t 0xffffffff (ESP_FAIL) at 0x400dc380
file: "./main/main.c" line 518
func: hw_ledc_init
expression: ledc_timer_config(&tmr)

abort() was called at PC 0x40089fab on core 0


Backtrace: 0x4008a051:0x3ffbc000 0x4008a019:0x3ffbc020 0x40089c3d:0x3ffbc040 0x40089fab:0x3ffbc0b0 0x400dc380:0x3ffbc0e0 0x400dc7f5:0x3ffbc170 0x400d5bee:0x3ffbc1c0 0x4015b4ba:0x3ffbc1f0




ELF file SHA256: 3fed37edb

Rebooting...
ets Jul 29 2019 12:21:46

rst:0xc (SW_CPU_RESET),boot:0x13 (SPI_FAST_FLASH_BOOT)
configsip: 0, SPIWP:0xee
clk_drv:0x00,q_drv:0x00,d_drv:0x00,cs0_drv:0x00,hd_drv:0x00,wp_drv:0x00
mode:DIO, clock div:2
load:0x3fff0040,len:6272
load:0x40078000,len:15848
load:0x40080400,len:3920
entry 0x40080644
[0;32mI (27) boot: ESP-IDF v6.0.1 2nd stage bootloader[0m
[0;32mI (27) boot: compile time May 25 2026 21:08:02[0m
[0;32mI (27) boot: Multicore bootloader[0m
[0;32mI (29) boot: chip revision: v3.1[0m
[0;32mI (31) boot.esp32: SPI Speed      : 40MHz[0m
[0;32mI (35) boot.esp32: SPI Mode       : DIO[0m
[0;32mI (39) boot.esp32: SPI Flash Size : 2MB[0m
[0;32mI (42) boot: Enabling RNG early entropy source...[0m
[0;32mI (47) boot: Partition Table:[0m
[0;32mI (49) boot: ## Label            Usage          Type ST Offset   Length[0m
[0;32mI (56) boot:  0 nvs              WiFi data        01 02 00009000 00006000[0m
[0;32mI (62) boot:  1 phy_init         RF data          01 01 0000f000 00001000[0m
[0;32mI (69) boot:  2 factory          factory app      00 00 00010000 00100000[0m
[0;32mI (75) boot: End of partition table[0m
[0;32mI (79) esp_image: segment 0: paddr=00010020 vaddr=3f400020 size=1cf4ch (118604) map[0m
[0;32mI (128) esp_image: segment 1: paddr=0002cf74 vaddr=3ffb0000 size=030a4h ( 12452) load[0m
[0;32mI (133) esp_image: segment 2: paddr=00030020 vaddr=400d0020 size=8f488h (586888) map[0m
[0;32mI (343) esp_image: segment 3: paddr=000bf4b0 vaddr=3ffb30a4 size=01518h (  5400) load[0m
[0;32mI (345) esp_image: segment 4: paddr=000c09d0 vaddr=40080000 size=15ed8h ( 89816) load[0m
[0;32mI (383) esp_image: segment 5: paddr=000d68b0 vaddr=50000000 size=00028h (    40) load[0m
[0;32mI (395) boot: Loaded app from partition at offset 0x10000[0m
[0;32mI (395) boot: Disabling RNG early entropy source...[0m
[0;32mI (405) cpu_start: Multicore app[0m
[0;32mI (413) cpu_start: GPIO 3 and 1 are used as console UART I/O pins[0m
[0;32mI (414) cpu_start: Pro cpu start user code[0m
[0;32mI (414) cpu_start: cpu freq: 160000000 Hz[0m
[0;32mI (416) app_init: Application information:[0m
[0;32mI (419) app_init: Project name:     pisdrsl[0m
[0;32mI (423) app_init: App version:      1[0m
[0;32mI (427) app_init: Compile time:     May 25 2026 21:07:46[0m
[0;32mI (432) app_init: ELF file SHA256:  3fed37edb...[0m
[0;32mI (436) app_init: ESP-IDF:          v6.0.1[0m
[0;32mI (440) efuse_init: Min chip rev:     v0.0[0m
[0;32mI (444) efuse_init: Max chip rev:     v3.99 [0m
[0;32mI (448) efuse_init: Chip rev:         v3.1[0m
[0;32mI (452) heap_init: Initializing. RAM available for dynamic allocation:[0m
[0;32mI (458) heap_init: At 3FFAE6E0 len 00001920 (6 KiB): DRAM[0m
[0;32mI (463) heap_init: At 3FFB8AD8 len 00027528 (157 KiB): DRAM[0m
[0;32mI (468) heap_init: At 3FFE0440 len 00003AE0 (14 KiB): D/IRAM[0m
[0;32mI (473) heap_init: At 3FFE4350 len 0001BCB0 (111 KiB): D/IRAM[0m
[0;32mI (479) heap_init: At 40095ED8 len 0000A128 (40 KiB): IRAM[0m
[0;33mW (485) spi_flash: Detected boya flash chip but using generic driver. For optimal functionality, enable `SPI_FLASH_SUPPORT_BOYA_CHIP` in menuconfig[0m
[0;32mI (497) spi_flash: detected chip: generic[0m
[0;32mI (501) spi_flash: flash io: dio[0m
[0;33mW (504) spi_flash: Detected size(4096k) larger than the size in the binary image header(2048k). Using the size in the binary image header.[0m
[0;32mI (518) main_task: Started on CPU0[0m
[0;32mI (520) main_task: Calling app_main()[0m
[0;32mI (522) PISDRSL: =========================================[0m
[0;32mI (527) PISDRSL:  PISDRSL · ESP32 IDF v5 · Ts = 10 ms   [0m
[0;32mI (533) PISDRSL:  Telemetria: UDP broadcast puerto 5005    [0m
[0;32mI (538) PISDRSL: =========================================[0m
[0;32mI (774) PISDRSL: MPU6050 OK[0m
[0;32mI (775) PISDRSL: Encoders PCNT OK (cuadratura 4x, filtro 1µs)[0m
[1;31mE (778) ledc: requested frequency 20000 and duty resolution 13 can not be achieved, try reducing freq_hz or duty_resolution. div_param=0[0m
ESP_ERROR_CHECK failed: esp_err_t 0xffffffff (ESP_FAIL) at 0x400dc380
file: "./main/main.c" line 518
func: hw_ledc_init
expression: ledc_timer_config(&tmr)

abort() was called at PC 0x40089fab on core 0


Backtrace: 0x4008a051:0x3ffbc000 0x4008a019:0x3ffbc020 0x40089c3d:0x3ffbc040 0x40089fab:0x3ffbc0b0 0x400dc380:0x3ffbc0e0 0x400dc7f5:0x3ffbc170 0x400d5bee:0x3ffbc1c0 0x4015b4ba:0x3ffbc1f0




ELF file SHA256: 3fed37edb

Rebooting...
ets Jul 29 2019 12:21:46

rst:0xc (SW_CPU_RESET),boot:0x13 (SPI_FAST_FLASH_BOOT)
configsip: 0, SPIWP:0xee
clk_drv:0x00,q_drv:0x00,d_drv:0x00,cs0_drv:0x00,hd_drv:0x00,wp_drv:0x00
mode:DIO, clock div:2
load:0x3fff0040,len:6272
load:0x40078000,len:15848
load:0x40080400,len:3920
entry 0x40080644
[0;32mI (27) boot: ESP-IDF v6.0.1 2nd stage bootloader[0m
[0;32mI (27) boot: compile time May 25 2026 21:08:02[0m
[0;32mI (27) boot: Multicore bootloader[0m
[0;32mI (29) boot: chip revision: v3.1[0m
[0;32mI (31) boot.esp32: SPI Speed      : 40MHz[0m
[0;32mI (35) boot.esp32: SPI Mode       : DIO[0m
[0;32mI (39) boot.esp32: SPI Flash Size : 2MB[0m
[0;32mI (42) boot: Enabling RNG early entropy source...[0m
[0;32mI (47) boot: Partition Table:[0m
[0;32mI (49) boot: ## Label            Usage          Type ST Offset   Length[0m
[0;32mI (56) boot:  0 nvs              WiFi data        01 02 00009000 00006000[0m
[0;32mI (62) boot:  1 phy_init         RF data          01 01 0000f000 00001000[0m
[0;32mI (69) boot:  2 factory          factory app      00 00 00010000 00100000[0m
[0;32mI (75) boot: End of partition table[0m
[0;32mI (79) esp_image: segment 0: paddr=00010020 vaddr=3f400020 size=1cf4ch (118604) map[0m
[0;32mI (128) esp_image: segment 1: paddr=0002cf74 vaddr=3ffb0000 size=030a4h ( 12452) load[0m
[0;32mI (133) esp_image: segment 2: paddr=00030020 vaddr=400d0020 size=8f488h (586888) map[0m
[0;32mI (343) esp_image: segment 3: paddr=000bf4b0 vaddr=3ffb30a4 size=01518h (  5400) load[0m
[0;32mI (345) esp_image: segment 4: paddr=000c09d0 vaddr=40080000 size=15ed8h ( 89816) load[0m
[0;32mI (383) esp_image: segment 5: paddr=000d68b0 vaddr=50000000 size=00028h (    40) load[0m
[0;32mI (395) boot: Loaded app from partition at offset 0x10000[0m
[0;32mI (395) boot: Disabling RNG early entropy source...[0m
[0;32mI (405) cpu_start: Multicore app[0m
[0;32mI (413) cpu_start: GPIO 3 and 1 are used as console UART I/O pins[0m
[0;32mI (414) cpu_start: Pro cpu start user code[0m
[0;32mI (414) cpu_start: cpu freq: 160000000 Hz[0m
[0;32mI (416) app_init: Application information:[0m
[0;32mI (419) app_init: Project name:     pisdrsl[0m
[0;32mI (423) app_init: App version:      1[0m
[0;32mI (427) app_init: Compile time:     May 25 2026 21:07:46[0m
[0;32mI (432) app_init: ELF file SHA256:  3fed37edb...[0m
[0;32mI (436) app_init: ESP-IDF:          v6.0.1[0m
[0;32mI (440) efuse_init: Min chip rev:     v0.0[0m
[0;32mI (444) efuse_init: Max chip rev:     v3.99 [0m
[0;32mI (448) efuse_init: Chip rev:         v3.1[0m
[0;32mI (452) heap_init: Initializing. RAM available for dynamic allocation:[0m
[0;32mI (458) heap_init: At 3FFAE6E0 len 00001920 (6 KiB): DRAM[0m
[0;32mI (463) heap_init: At 3FFB8AD8 len 00027528 (157 KiB): DRAM[0m
[0;32mI (468) heap_init: At 3FFE0440 len 00003AE0 (14 KiB): D/IRAM[0m
[0;32mI (473) heap_init: At 3FFE4350 len 0001BCB0 (111 KiB): D/IRAM[0m
[0;32mI (479) heap_init: At 40095ED8 len 0000A128 (40 KiB): IRAM[0m
[0;33mW (485) spi_flash: Detected boya flash chip but using generic driver. For optimal functionality, enable `SPI_FLASH_SUPPORT_BOYA_CHIP` in menuconfig[0m
[0;32mI (497) spi_flash: detected chip: generic[0m
[0;32mI (501) spi_flash: flash io: dio[0m
[0;33mW (504) spi_flash: Detected size(4096k) larger than the size in the binary image header(2048k). Using the size in the binary image header.[0m
[0;32mI (518) main_task: Started on CPU0[0m
[0;32mI (520) main_task: Calling app_main()[0m
[0;32mI (522) PISDRSL: =========================================[0m
[0;32mI (527) PISDRSL:  PISDRSL · ESP32 IDF v5 · Ts = 10 ms   [0m
[0;32mI (533) PISDRSL:  Telemetria: UDP broadcast puerto 5005    [0m
[0;32mI (538) PISDRSL: =========================================[0m
[0;32mI (774) PISDRSL: MPU6050 OK[0m
[0;32mI (775) PISDRSL: Encoders PCNT OK (cuadratura 4x, filtro 1µs)[0m
[1;31mE (778) ledc: requested frequency 20000 and duty resolution 13 can not be achieved, try reducing freq_hz or duty_resolution. div_param=0[0m
ESP_ERROR_CHECK failed: esp_err_t 0xffffffff (ESP_FAIL) at 0x400dc380
file: "./main/main.c" line 518
func: hw_ledc_init
expression: ledc_timer_config(&tmr)

abort() was called at PC 0x40089fab on core 0


Backtrace: 0x4008a051:0x3ffbc000 0x4008a019:0x3ffbc020 0x40089c3d:0x3ffbc040 0x40089fab:0x3ffbc0b0 0x400dc380:0x3ffbc0e0 0x400dc7f5:0x3ffbc170 0x400d5bee:0x3ffbc1c0 0x4015b4ba:0x3ffbc1f0




ELF file SHA256: 3fed37edb

Rebooting...
ets Jul 29 2019 12:21:46

rst:0xc (SW_CPU_RESET),boot:0x13 (SPI_FAST_FLASH_BOOT)
configsip: 0, SPIWP:0xee
clk_drv:0x00,q_drv:0x00,d_drv:0x00,cs0_drv:0x00,hd_drv:0x00,wp_drv:0x00
mode:DIO, clock div:2
load:0x3fff0040,len:6272
load:0x40078000,len:15848
load:0x40080400,len:3920
entry 0x40080644
[0;32mI (27) boot: ESP-IDF v6.0.1 2nd stage bootloader[0m
[0;32mI (27) boot: compile time May 25 2026 21:08:02[0m
[0;32mI (27) boot: Multicore bootloader[0m
[0;32mI (29) boot: chip revision: v3.1[0m
[0;32mI (31) boot.esp32: SPI Speed      : 40MHz[0m
[0;32mI (35) boot.esp32: SPI Mode       : DIO[0m
[0;32mI (39) boot.esp32: SPI Flash Size : 2MB[0m
[0;32mI (42) boot: Enabling RNG early entropy source...[0m
[0;32mI (47) boot: Partition Table:[0m
[0;32mI (49) boot: ## Label            Usage          Type ST Offset   Length[0m
[0;32mI (56) boot:  0 nvs              WiFi data        01 02 00009000 00006000[0m
[0;32mI (62) boot:  1 phy_init         RF data          01 01 0000f000 00001000[0m
[0;32mI (69) boot:  2 factory          factory app      00 00 00010000 00100000[0m
[0;32mI (75) boot: End of partition table[0m
[0;32mI (79) esp_image: segment 0: paddr=00010020 vaddr=3f400020 size=1cf4ch (118604) map[0m
[0;32mI (128) esp_image: segment 1: paddr=0002cf74 vaddr=3ffb0000 size=030a4h ( 12452) load[0m
[0;32mI (133) esp_image: segment 2: paddr=00030020 vaddr=400d0020 size=8f488h (586888) map[0m
[0;32mI (343) esp_image: segment 3: paddr=000bf4b0 vaddr=3ffb30a4 size=01518h (  5400) load[0m
[0;32mI (345) esp_image: segment 4: paddr=000c09d0 vaddr=40080000 size=15ed8h ( 89816) load[0m
[0;32mI (383) esp_image: segment 5: paddr=000d68b0 vaddr=50000000 size=00028h (    40) load[0m
[0;32mI (395) boot: Loaded app from partition at offset 0x10000[0m
[0;32mI (395) boot: Disabling RNG early entropy source...[0m
[0;32mI (405) cpu_start: Multicore app[0m
[0;32mI (413) cpu_start: GPIO 3 and 1 are used as console UART I/O pins[0m
[0;32mI (414) cpu_start: Pro cpu start user code[0m
[0;32mI (414) cpu_start: cpu freq: 160000000 Hz[0m
[0;32mI (416) app_init: Application information:[0m
[0;32mI (419) app_init: Project name:     pisdrsl[0m
[0;32mI (423) app_init: App version:      1[0m
[0;32mI (427) app_init: Compile time:     May 25 2026 21:07:46[0m
[0;32mI (432) app_init: ELF file SHA256:  3fed37edb...[0m
[0;32mI (436) app_init: ESP-IDF:          v6.0.1[0m
[0;32mI (440) efuse_init: Min chip rev:     v0.0[0m
[0;32mI (444) efuse_init: Max chip rev:     v3.99 [0m
[0;32mI (448) efuse_init: Chip rev:         v3.1[0m
[0;32mI (452) heap_init: Initializing. RAM available for dynamic allocation:[0m
[0;32mI (458) heap_init: At 3FFAE6E0 len 00001920 (6 KiB): DRAM[0m
[0;32mI (463) heap_init: At 3FFB8AD8 len 00027528 (157 KiB): DRAM[0m
[0;32mI (468) heap_init: At 3FFE0440 len 00003AE0 (14 KiB): D/IRAM[0m
[0;32mI (473) heap_init: At 3FFE4350 len 0001BCB0 (111 KiB): D/IRAM[0m
[0;32mI (479) heap_init: At 40095ED8 len 0000A128 (40 KiB): IRAM[0m
[0;33mW (485) spi_flash: Detected boya flash chip but using generic driver. For optimal functionality, enable `SPI_FLASH_SUPPORT_BOYA_CHIP` in menuconfig[0m
[0;32mI (497) spi_flash: detected chip: generic[0m
[0;32mI (501) spi_flash: flash io: dio[0m
[0;33mW (504) spi_flash: Detected size(4096k) larger than the size in the binary image header(2048k). Using the size in the binary image header.[0m
[0;32mI (518) main_task: Started on CPU0[0m
[0;32mI (520) main_task: Calling app_main()[0m
[0;32mI (522) PISDRSL: =========================================[0m
[0;32mI (527) PISDRSL:  PISDRSL · ESP32 IDF v5 · Ts = 10 ms   [0m
[0;32mI (533) PISDRSL:  Telemetria: UDP broadcast puerto 5005    [0m
[0;32mI (538) PISDRSL: =========================================[0m
[0;32mI (774) PISDRSL: MPU6050 OK[0m
[0;32mI (775) PISDRSL: Encoders PCNT OK (cuadratura 4x, filtro 1µs)[0m
[1;31mE (778) ledc: requested frequency 20000 and duty resolution 13 can not be achieved, try reducing freq_hz or duty_resolution. div_param=0[0m
ESP_ERROR_CHECK failed: esp_err_t 0xffffffff (ESP_FAIL) at 0x400dc380
file: "./main/main.c" line 518
func: hw_ledc_init
expression: ledc_timer_config(&tmr)

abort() was called at PC 0x40089fab on core 0


Backtrace: 0x4008a051:0x3ffbc000 0x4008a019:0x3ffbc020 0x40089c3d:0x3ffbc040 0x40089fab:0x3ffbc0b0 0x400dc380:0x3ffbc0e0 0x400dc7f5:0x3ffbc170 0x400d5bee:0x3ffbc1c0 0x4015b4ba:0x3ffbc1f0




ELF file SHA256: 3fed37edb

Rebooting...
ets Jul 29 2019 12:21:46

rst:0xc (SW_CPU_RESET),boot:0x13 (SPI_FAST_FLASH_BOOT)
configsip: 0, SPIWP:0xee
clk_drv:0x00,q_drv:0x00,d_drv:0x00,cs0_drv:0x00,hd_drv:0x00,wp_drv:0x00
mode:DIO, clock div:2
load:0x3fff0040,len:6272
load:0x40078000,len:15848
load:0x40080400,len:3920
entry 0x40080644
[0;32mI (27) boot: ESP-IDF v6.0.1 2nd stage bootloader[0m
[0;32mI (27) boot: compile time May 25 2026 21:08:02[0m
[0;32mI (27) boot: Multicore bootloader[0m
[0;32mI (29) boot: chip revision: v3.1[0m
[0;32mI (31) boot.esp32: SPI Speed      : 40MHz[0m
[0;32mI (35) boot.esp32: SPI Mode       : DIO[0m
[0;32mI (39) boot.esp32: SPI Flash Size : 2MB[0m
[0;32mI (42) boot: Enabling RNG early entropy source...[0m
[0;32mI (47) boot: Partition Table:[0m
[0;32mI (49) boot: ## Label            Usage          Type ST Offset   Length[0m
[0;32mI (56) boot:  0 nvs              WiFi data        01 02 00009000 00006000[0m
[0;32mI (62) boot:  1 phy_init         RF data          01 01 0000f000 00001000[0m
[0;32mI (69) boot:  2 factory          factory app      00 00 00010000 00100000[0m
[0;32mI (75) boot: End of partition table[0m
[0;32mI (79) esp_image: segment 0: paddr=00010020 vaddr=3f400020 size=1cf4ch (118604) map[0m
[0;32mI (128) esp_image: segment 1: paddr=0002cf74 vaddr=3ffb0000 size=030a4h ( 12452) load[0m
[0;32mI (133) esp_image: segment 2: paddr=00030020 vaddr=400d0020 size=8f488h (586888) map[0m
[0;32mI (343) esp_image: segment 3: paddr=000bf4b0 vaddr=3ffb30a4 size=01518h (  5400) load[0m
[0;32mI (345) esp_image: segment 4: paddr=000c09d0 vaddr=40080000 size=15ed8h ( 89816) load[0m
[0;32mI (383) esp_image: segment 5: paddr=000d68b0 vaddr=50000000 size=00028h (    40) load[0m
[0;32mI (395) boot: Loaded app from partition at offset 0x10000[0m
[0;32mI (395) boot: Disabling RNG early entropy source...[0m
[0;32mI (405) cpu_start: Multicore app[0m
[0;32mI (413) cpu_start: GPIO 3 and 1 are used as console UART I/O pins[0m
[0;32mI (414) cpu_start: Pro cpu start user code[0m
[0;32mI (414) cpu_start: cpu freq: 160000000 Hz[0m
[0;32mI (416) app_init: Application information:[0m
[0;32mI (419) app_init: Project name:     pisdrsl[0m
[0;32mI (423) app_init: App version:      1[0m
[0;32mI (427) app_init: Compile time:     May 25 2026 21:07:46[0m
[0;32mI (432) app_init: ELF file SHA256:  3fed37edb...[0m
[0;32mI (436) app_init: ESP-IDF:          v6.0.1[0m
[0;32mI (440) efuse_init: Min chip rev:     v0.0[0m
[0;32mI (444) efuse_init: Max chip rev:     v3.99 [0m
[0;32mI (448) efuse_init: Chip rev:         v3.1[0m
[0;32mI (452) heap_init: Initializing. RAM available for dynamic allocation:[0m
[0;32mI (458) heap_init: At 3FFAE6E0 len 00001920 (6 KiB): DRAM[0m
[0;32mI (463) heap_init: At 3FFB8AD8 len 00027528 (157 KiB): DRAM[0m
[0;32mI (468) heap_init: At 3FFE0440 len 00003AE0 (14 KiB): D/IRAM[0m
[0;32mI (473) heap_init: At 3FFE4350 len 0001BCB0 (111 KiB): D/IRAM[0m
[0;32mI (479) heap_init: At 40095ED8 len 0000A128 (40 KiB): IRAM[0m
[0;33mW (485) spi_flash: Detected boya flash chip but using generic driver. For optimal functionality, enable `SPI_FLASH_SUPPORT_BOYA_CHIP` in menuconfig[0m
[0;32mI (497) spi_flash: detected chip: generic[0m
[0;32mI (501) spi_flash: flash io: dio[0m
[0;33mW (504) spi_flash: Detected size(4096k) larger than the size in the binary image header(2048k). Using the size in the binary image header.[0m
[0;32mI (518) main_task: Started on CPU0[0m
[0;32mI (520) main_task: Calling app_main()[0m
[0;32mI (522) PISDRSL: =========================================[0m
[0;32mI (527) PISDRSL:  PISDRSL · ESP32 IDF v5 · Ts = 10 ms   [0m
[0;32mI (533) PISDRSL:  Telemetria: UDP broadcast puerto 5005    [0m
[0;32mI (538) PISDRSL: =========================================[0m
[0;32mI (774) PISDRSL: MPU6050 OK[0m
[0;32mI (775) PISDRSL: Encoders PCNT OK (cuadratura 4x, filtro 1µs)[0m
[1;31mE (778) ledc: requested frequency 20000 and duty resolution 13 can not be achieved, try reducing freq_hz or duty_resolution. div_param=0[0m
ESP_ERROR_CHECK failed: esp_err_t 0xffffffff (ESP_FAIL) at 0x400dc380
file: "./main/main.c" line 518
func: hw_ledc_init
expression: ledc_timer_config(&tmr)

abort() was called at PC 0x40089fab on core 0


Backtrace: 0x4008a051:0x3ffbc000 0x4008a019:0x3ffbc020 0x40089c3d:0x3ffbc040 0x40089fab:0x3ffbc0b0 0x400dc380:0x3ffbc0e0 0x400dc7f5:0x3ffbc170 0x400d5bee:0x3ffbc1c0 0x4015b4ba:0x3ffbc1f0




ELF file SHA256: 3fed37edb

Rebooting...
ets Jul 29 2019 12:21:46

rst:0xc (SW_CPU_RESET),boot:0x13 (SPI_FAST_FLASH_BOOT)
configsip: 0, SPIWP:0xee
clk_drv:0x00,q_drv:0x00,d_drv:0x00,cs0_drv:0x00,hd_drv:0x00,wp_drv:0x00
mode:DIO, clock div:2
load:0x3fff0040,len:6272
load:0x40078000,len:15848
load:0x40080400,len:3920
entry 0x40080644
[0;32mI (27) boot: ESP-IDF v6.0.1 2nd stage bootloader[0m
[0;32mI (27) boot: compile time May 25 2026 21:08:02[0m
[0;32mI (27) boot: Multicore bootloader[0m
[0;32mI (29) boot: chip revision: v3.1[0m
[0;32mI (31) boot.esp32: SPI Speed      : 40MHz[0m
[0;32mI (35) boot.esp32: SPI Mode       : DIO[0m
[0;32mI (39) boot.esp32: SPI Flash Size : 2MB[0m
[0;32mI (42) boot: Enabling RNG early entropy source...[0m
[0;32mI (47) boot: Partition Table:[0m
[0;32mI (49) boot: ## Label            Usage          Type ST Offset   Length[0m
[0;32mI (56) boot:  0 nvs              WiFi data        01 02 00009000 00006000[0m
[0;32mI (62) boot:  1 phy_init         RF data          01 01 0000f000 00001000[0m
[0;32mI (69) boot:  2 factory          factory app      00 00 00010000 00100000[0m
[0;32mI (75) boot: End of partition table[0m
[0;32mI (79) esp_image: segment 0: paddr=00010020 vaddr=3f400020 size=1cf4ch (118604) map[0m
[0;32mI (128) esp_image: segment 1: paddr=0002cf74 vaddr=3ffb0000 size=030a4h ( 12452) load[0m
[0;32mI (133) esp_image: segment 2: paddr=00030020 vaddr=400d0020 size=8f488h (586888) map[0m
[0;32mI (343) esp_image: segment 3: paddr=000bf4b0 vaddr=3ffb30a4 size=01518h (  5400) load[0m
[0;32mI (345) esp_image: segment 4: paddr=000c09d0 vaddr=40080000 size=15ed8h ( 89816) load[0m
[0;32mI (383) esp_image: segment 5: paddr=000d68b0 vaddr=50000000 size=00028h (    40) load[0m
[0;32mI (395) boot: Loaded app from partition at offset 0x10000[0m
[0;32mI (395) boot: Disabling RNG early entropy source...[0m
[0;32mI (405) cpu_start: Multicore app[0m
[0;32mI (413) cpu_start: GPIO 3 and 1 are used as console UART I/O pins[0m
[0;32mI (414) cpu_start: Pro cpu start user code[0m
[0;32mI (414) cpu_start: cpu freq: 160000000 Hz[0m
[0;32mI (416) app_init: Application information:[0m
[0;32mI (419) app_init: Project name:     pisdrsl[0m
[0;32mI (423) app_init: App version:      1[0m
[0;32mI (427) app_init: Compile time:     May 25 2026 21:07:46[0m
[0;32mI (432) app_init: ELF file SHA256:  3fed37edb...[0m
[0;32mI (436) app_init: ESP-IDF:          v6.0.1[0m
[0;32mI (440) efuse_init: Min chip rev:     v0.0[0m
[0;32mI (444) efuse_init: Max chip rev:     v3.99 [0m
[0;32mI (448) efuse_init: Chip rev:         v3.1[0m
[0;32mI (452) heap_init: Initializing. RAM available for dynamic allocation:[0m
[0;32mI (458) heap_init: At 3FFAE6E0 len 00001920 (6 KiB): DRAM[0m
[0;32mI (463) heap_init: At 3FFB8AD8 len 00027528 (157 KiB): DRAM[0m
[0;32mI (468) heap_init: At 3FFE0440 len 00003AE0 (14 KiB): D/IRAM[0m
[0;32mI (473) heap_init: At 3FFE4350 len 0001BCB0 (111 KiB): D/IRAM[0m
[0;32mI (479) heap_init: At 40095ED8 len 0000A128 (40 KiB): IRAM[0m
[0;33mW (485) spi_flash: Detected boya flash chip but using generic driver. For optimal functionality, enable `SPI_FLASH_SUPPORT_BOYA_CHIP` in menuconfig[0m
[0;32mI (497) spi_flash: detected chip: generic[0m
[0;32mI (501) spi_flash: flash io: dio[0m
[0;33mW (504) spi_flash: Detected size(4096k) larger than the size in the binary image header(2048k). Using the size in the binary image header.[0m
[0;32mI (518) main_task: Started on CPU0[0m
[0;32mI (520) main_task: Calling app_main()[0m
[0;32mI (522) PISDRSL: =========================================[0m
[0;32mI (527) PISDRSL:  PISDRSL · ESP32 IDF v5 · Ts = 10 ms   [0m
[0;32mI (533) PISDRSL:  Telemetria: UDP broadcast puerto 5005    [0m
[0;32mI (538) PISDRSL: =========================================[0m
[0;32mI (774) PISDRSL: MPU6050 OK[0m
[0;32mI (775) PISDRSL: Encoders PCNT OK (cuadratura 4x, filtro 1µs)[0m
[1;31mE (778) ledc: requested frequency 20000 and duty resolution 13 can not be achieved, try reducing freq_hz or duty_resolution. div_param=0[0m
ESP_ERROR_CHECK failed: esp_err_t 0xffffffff (ESP_FAIL) at 0x400dc380
file: "./main/main.c" line 518
func: hw_ledc_init
expression: ledc_timer_config(&tmr)

abort() was called at PC 0x40089fab on core 0


Backtrace: 0x4008a051:0x3ffbc000 0x4008a019:0x3ffbc020 0x40089c3d:0x3ffbc040 0x40089fab:0x3ffbc0b0 0x400dc380:0x3ffbc0e0 0x400dc7f5:0x3ffbc170 0x400d5bee:0x3ffbc1c0 0x4015b4ba:0x3ffbc1f0




ELF file SHA256: 3fed37edb

Rebooting...
ets Jul 29 2019 12:21:46

rst:0xc (SW_CPU_RESET),boot:0x13 (SPI_FAST_FLASH_BOOT)
configsip: 0, SPIWP:0xee
clk_drv:0x00,q_drv:0x00,d_drv:0x00,cs0_drv:0x00,hd_drv:0x00,wp_drv:0x00
mode:DIO, clock div:2
load:0x3fff0040,len:6272
load:0x40078000,len:15848
load:0x40080400,len:3920
entry 0x40080644
[0;32mI (27) boot: ESP-IDF v6.0.1 2nd stage bootloader[0m
[0;32mI (27) boot: compile time May 25 2026 21:08:02[0m
[0;32mI (27) boot: Multicore bootloader[0m
[0;32mI (29) boot: chip revision: v3.1[0m
[0;32mI (31) boot.esp32: SPI Speed      : 40MHz[0m
[0;32mI (35) boot.esp32: SPI Mode       : DIO[0m
[0;32mI (39) boot.esp32: SPI Flash Size : 2MB[0m
[0;32mI (42) boot: Enabling RNG early entropy source...[0m
[0;32mI (47) boot: Partition Table:[0m
[0;32mI (49) boot: ## Label            Usage          Type ST Offset   Length[0m
[0;32mI (56) boot:  0 nvs              WiFi data        01 02 00009000 00006000[0m
[0;32mI (62) boot:  1 phy_init         RF data          01 01 0000f000 00001000[0m
[0;32mI (69) boot:  2 factory          factory app      00 00 00010000 00100000[0m
[0;32mI (75) boot: End of partition table[0m
[0;32mI (79) esp_image: segment 0: paddr=00010020 vaddr=3f400020 size=1cf4ch (118604) map[0m
[0;32mI (128) esp_image: segment 1: paddr=0002cf74 vaddr=3ffb0000 size=030a4h ( 12452) load[0m
[0;32mI (133) esp_image: segment 2: paddr=00030020 vaddr=400d0020 size=8f488h (586888) map[0m
[0;32mI (343) esp_image: segment 3: paddr=000bf4b0 vaddr=3ffb30a4 size=01518h (  5400) load[0m
[0;32mI (345) esp_image: segment 4: paddr=000c09d0 vaddr=40080000 size=15ed8h ( 89816) load[0m
[0;32mI (383) esp_image: segment 5: paddr=000d68b0 vaddr=50000000 size=00028h (    40) load[0m
[0;32mI (395) boot: Loaded app from partition at offset 0x10000[0m
[0;32mI (395) boot: Disabling RNG early entropy source...[0m
[0;32mI (405) cpu_start: Multicore app[0m
[0;32mI (413) cpu_start: GPIO 3 and 1 are used as console UART I/O pins[0m
[0;32mI (414) cpu_start: Pro cpu start user code[0m
[0;32mI (414) cpu_start: cpu freq: 160000000 Hz[0m
[0;32mI (416) app_init: Application information:[0m
[0;32mI (419) app_init: Project name:     pisdrsl[0m
[0;32mI (423) app_init: App version:      1[0m
[0;32mI (427) app_init: Compile time:     May 25 2026 21:07:46[0m
[0;32mI (432) app_init: ELF file SHA256:  3fed37edb...[0m
[0;32mI (436) app_init: ESP-IDF:          v6.0.1[0m
[0;32mI (440) efuse_init: Min chip rev:     v0.0[0m
[0;32mI (444) efuse_init: Max chip rev:     v3.99 [0m
[0;32mI (448) efuse_init: Chip rev:         v3.1[0m
[0;32mI (452) heap_init: Initializing. RAM available for dynamic allocation:[0m
[0;32mI (458) heap_init: At 3FFAE6E0 len 00001920 (6 KiB): DRAM[0m
[0;32mI (463) heap_init: At 3FFB8AD8 len 00027528 (157 KiB): DRAM[0m
[0;32mI (468) heap_init: At 3FFE0440 len 00003AE0 (14 KiB): D/IRAM[0m
[0;32mI (473) heap_init: At 3FFE4350 len 0001BCB0 (111 KiB): D/IRAM[0m
[0;32mI (479) heap_init: At 40095ED8 len 0000A128 (40 KiB): IRAM[0m
[0;33mW (485) spi_flash: Detected boya flash chip but using generic driver. For optimal functionality, enable `SPI_FLASH_SUPPORT_BOYA_CHIP` in menuconfig[0m
[0;32mI (497) spi_flash: detected chip: generic[0m
[0;32mI (501) spi_flash: flash io: dio[0m
[0;33mW (504) spi_flash: Detected size(4096k) larger than the size in the binary image header(2048k). Using the size in the binary image header.[0m
[0;32mI (518) main_task: Started on CPU0[0m
[0;32mI (520) main_task: Calling app_main()[0m
[0;32mI (522) PISDRSL: =========================================[0m
[0;32mI (527) PISDRSL:  PISDRSL · ESP32 IDF v5 · Ts = 10 ms   [0m
[0;32mI (533) PISDRSL:  Telemetria: UDP broadcast puerto 5005    [0m
[0;32mI (538) PISDRSL: =========================================[0m
[0;32mI (774) PISDRSL: MPU6050 OK[0m
[0;32mI (775) PISDRSL: Encoders PCNT OK (cuadratura 4x, filtro 1µs)[0m
[1;31mE (778) ledc: requested frequency 20000 and duty resolution 13 can not be achieved, try reducing freq_hz or duty_resolution. div_param=0[0m
ESP_ERROR_CHECK failed: esp_err_t 0xffffffff (ESP_FAIL) at 0x400dc380
file: "./main/main.c" line 518
func: hw_ledc_init
expression: ledc_timer_config(&tmr)

abort() was called at PC 0x40089fab on core 0


Backtrace: 0x4008a051:0x3ffbc000 0x4008a019:0x3ffbc020 0x40089c3d:0x3ffbc040 0x40089fab:0x3ffbc0b0 0x400dc380:0x3ffbc0e0 0x400dc7f5:0x3ffbc170 0x400d5bee:0x3ffbc1c0 0x4015b4ba:0x3ffbc1f0




ELF file SHA256: 3fed37edb

Rebooting...
ets Jul 29 2019 12:21:46

rst:0xc (SW_CPU_RESET),boot:0x13 (SPI_FAST_FLASH_BOOT)
configsip: 0, SPIWP:0xee
clk_drv:0x00,q_drv:0x00,d_drv:0x00,cs0_drv:0x00,hd_drv:0x00,wp_drv:0x00
mode:DIO, clock div:2
load:0x3fff0040,len:6272
load:0x40078000,len:15848
load:0x40080400,len:3920
entry 0x40080644
[0;32mI (27) boot: ESP-IDF v6.0.1 2nd stage bootloader[0m
[0;32mI (27) boot: compile time May 25 2026 21:08:02[0m
[0;32mI (27) boot: Multicore bootloader[0m
[0;32mI (29) boot: chip revision: v3.1[0m
[0;32mI (31) boot.esp32: SPI Speed      : 40MHz[0m
[0;32mI (35) boot.esp32: SPI Mode       : DIO[0m
[0;32mI (39) boot.esp32: SPI Flash Size : 2MB[0m
[0;32mI (42) boot: Enabling RNG early entropy source...[0m
[0;32mI (47) boot: Partition Table:[0m
[0;32mI (49) boot: ## Label            Usage          Type ST Offset   Length[0m
[0;32mI (56) boot:  0 nvs              WiFi data        01 02 00009000 00006000[0m
[0;32mI (62) boot:  1 phy_init         RF data          01 01 0000f000 00001000[0m
[0;32mI (69) boot:  2 factory          factory app      00 00 00010000 00100000[0m
[0;32mI (75) boot: End of partition table[0m
[0;32mI (79) esp_image: segment 0: paddr=00010020 vaddr=3f400020 size=1cf4ch (118604) map[0m
[0;32mI (128) esp_image: segment 1: paddr=0002cf74 vaddr=3ffb0000 size=030a4h ( 12452) load[0m
[0;32mI (133) esp_image: segment 2: paddr=00030020 vaddr=400d0020 size=8f488h (586888) map[0m
[0;32mI (343) esp_image: segment 3: paddr=000bf4b0 vaddr=3ffb30a4 size=01518h (  5400) load[0m
[0;32mI (345) esp_image: segment 4: paddr=000c09d0 vaddr=40080000 size=15ed8h ( 89816) load[0m
[0;32mI (383) esp_image: segment 5: paddr=000d68b0 vaddr=50000000 size=00028h (    40) load[0m
[0;32mI (395) boot: Loaded app from partition at offset 0x10000[0m
[0;32mI (395) boot: Disabling RNG early entropy source...[0m
[0;32mI (405) cpu_start: Multicore app[0m
[0;32mI (413) cpu_start: GPIO 3 and 1 are used as console UART I/O pins[0m
[0;32mI (414) cpu_start: Pro cpu start user code[0m
[0;32mI (414) cpu_start: cpu freq: 160000000 Hz[0m
[0;32mI (416) app_init: Application information:[0m
[0;32mI (419) app_init: Project name:     pisdrsl[0m
[0;32mI (423) app_init: App version:      1[0m
[0;32mI (427) app_init: Compile time:     May 25 2026 21:07:46[0m
[0;32mI (432) app_init: ELF file SHA256:  3fed37edb...[0m
[0;32mI (436) app_init: ESP-IDF:          v6.0.1[0m
[0;32mI (440) efuse_init: Min chip rev:     v0.0[0m
[0;32mI (444) efuse_init: Max chip rev:     v3.99 [0m
[0;32mI (448) efuse_init: Chip rev:         v3.1[0m
[0;32mI (452) heap_init: Initializing. RAM available for dynamic allocation:[0m
[0;32mI (458) heap_init: At 3FFAE6E0 len 00001920 (6 KiB): DRAM[0m
[0;32mI (463) heap_init: At 3FFB8AD8 len 00027528 (157 KiB): DRAM[0m
[0;32mI (468) heap_init: At 3FFE0440 len 00003AE0 (14 KiB): D/IRAM[0m
[0;32mI (473) heap_init: At 3FFE4350 len 0001BCB0 (111 KiB): D/IRAM[0m
[0;32mI (479) heap_init: At 40095ED8 len 0000A128 (40 KiB): IRAM[0m
[0;33mW (485) spi_flash: Detected boya flash chip but using generic driver. For optimal functionality, enable `SPI_FLASH_SUPPORT_BOYA_CHIP` in menuconfig[0m
[0;32mI (497) spi_flash: detected chip: generic[0m
[0;32mI (501) spi_flash: flash io: dio[0m
[0;33mW (504) spi_flash: Detected size(4096k) larger than the size in the binary image header(2048k). Using the size in the binary image header.[0m
[0;32mI (518) main_task: Started on CPU0[0m
[0;32mI (520) main_task: Calling app_main()[0m
[0;32mI (522) PISDRSL: =========================================[0m
[0;32mI (527) PISDRSL:  PISDRSL · ESP32 IDF v5 · Ts = 10 ms   [0m
[0;32mI (533) PISDRSL:  Telemetria: UDP broadcast puerto 5005    [0m
[0;32mI (538) PISDRSL: =========================================[0m
[0;32mI (774) PISDRSL: MPU6050 OK[0m
[0;32mI (775) PISDRSL: Encoders PCNT OK (cuadratura 4x, filtro 1µs)[0m
[1;31mE (778) ledc: requested frequency 20000 and duty resolution 13 can not be achieved, try reducing freq_hz or duty_resolution. div_param=0[0m
ESP_ERROR_CHECK failed: esp_err_t 0xffffffff (ESP_FAIL) at 0x400dc380
file: "./main/main.c" line 518
func: hw_ledc_init
expression: ledc_timer_config(&tmr)

abort() was called at PC 0x40089fab on core 0


Backtrace: 0x4008a051:0x3ffbc000 0x4008a019:0x3ffbc020 0x40089c3d:0x3ffbc040 0x40089fab:0x3ffbc0b0 0x400dc380:0x3ffbc0e0 0x400dc7f5:0x3ffbc170 0x400d5bee:0x3ffbc1c0 0x4015b4ba:0x3ffbc1f0




ELF file SHA256: 3fed37edb

Rebooting...
ets Jul 29 2019 12:21:46

rst:0xc (SW_CPU_RESET),boot:0x13 (SPI_FAST_FLASH_BOOT)
configsip: 0, SPIWP:0xee
clk_drv:0x00,q_drv:0x00,d_drv:0x00,cs0_drv:0x00,hd_drv:0x00,wp_drv:0x00
mode:DIO, clock div:2
load:0x3fff0040,len:6272
load:0x40078000,len:15848
load:0x40080400,len:3920
entry 0x40080644
[0;32mI (27) boot: ESP-IDF v6.0.1 2nd stage bootloader[0m
[0;32mI (27) boot: compile time May 25 2026 21:08:02[0m
[0;32mI (27) boot: Multicore bootloader[0m
[0;32mI (29) boot: chip revision: v3.1[0m
[0;32mI (31) boot.esp32: SPI Speed      : 40MHz[0m
[0;32mI (35) boot.esp32: SPI Mode       : DIO[0m
[0;32mI (39) boot.esp32: SPI Flash Size : 2MB[0m
[0;32mI (42) boot: Enabling RNG early entropy source...[0m
[0;32mI (47) boot: Partition Table:[0m
[0;32mI (49) boot: ## Label            Usage          Type ST Offset   Length[0m
[0;32mI (56) boot:  0 nvs              WiFi data        01 02 00009000 00006000[0m
[0;32mI (62) boot:  1 phy_init         RF data          01 01 0000f000 00001000[0m
[0;32mI (69) boot:  2 factory          factory app      00 00 00010000 00100000[0m
[0;32mI (75) boot: End of partition table[0m
[0;32mI (79) esp_image: segment 0: paddr=00010020 vaddr=3f400020 size=1cf4ch (118604) map[0m
[0;32mI (128) esp_image: segment 1: paddr=0002cf74 vaddr=3ffb0000 size=030a4h ( 12452) load[0m
[0;32mI (133) esp_image: segment 2: paddr=00030020 vaddr=400d0020 size=8f488h (586888) map[0m
[0;32mI (343) esp_image: segment 3: paddr=000bf4b0 vaddr=3ffb30a4 size=01518h (  5400) load[0m
[0;32mI (345) esp_image: segment 4: paddr=000c09d0 vaddr=40080000 size=15ed8h ( 89816) load[0m
[0;32mI (383) esp_image: segment 5: paddr=000d68b0 vaddr=50000000 size=00028h (    40) load[0m
[0;32mI (395) boot: Loaded app from partition at offset 0x10000[0m
[0;32mI (395) boot: Disabling RNG early entropy source...[0m
[0;32mI (405) cpu_start: Multicore app[0m
[0;32mI (413) cpu_start: GPIO 3 and 1 are used as console UART I/O pins[0m
[0;32mI (414) cpu_start: Pro cpu start user code[0m
[0;32mI (414) cpu_start: cpu freq: 160000000 Hz[0m
[0;32mI (416) app_init: Application information:[0m
[0;32mI (419) app_init: Project name:     pisdrsl[0m
[0;32mI (423) app_init: App version:      1[0m
[0;32mI (427) app_init: Compile time:     May 25 2026 21:07:46[0m
[0;32mI (432) app_init: ELF file SHA256:  3fed37edb...[0m
[0;32mI (436) app_init: ESP-IDF:          v6.0.1[0m
[0;32mI (440) efuse_init: Min chip rev:     v0.0[0m
[0;32mI (444) efuse_init: Max chip rev:     v3.99 [0m
[0;32mI (448) efuse_init: Chip rev:         v3.1[0m
[0;32mI (452) heap_init: Initializing. RAM available for dynamic allocation:[0m
[0;32mI (458) heap_init: At 3FFAE6E0 len 00001920 (6 KiB): DRAM[0m
[0;32mI (463) heap_init: At 3FFB8AD8 len 00027528 (157 KiB): DRAM[0m
[0;32mI (468) heap_init: At 3FFE0440 len 00003AE0 (14 KiB): D/IRAM[0m
[0;32mI (473) heap_init: At 3FFE4350 len 0001BCB0 (111 KiB): D/IRAM[0m
[0;32mI (479) heap_init: At 40095ED8 len 0000A128 (40 KiB): IRAM[0m
[0;33mW (485) spi_flash: Detected boya flash chip but using generic driver. For optimal functionality, enable `SPI_FLASH_SUPPORT_BOYA_CHIP` in menuconfig[0m
[0;32mI (497) spi_flash: detected chip: generic[0m
[0;32mI (501) spi_flash: flash io: dio[0m
[0;33mW (504) spi_flash: Detected size(4096k) larger than the size in the binary image header(2048k). Using the size in the binary image header.[0m
[0;32mI (518) main_task: Started on CPU0[0m
[0;32mI (520) main_task: Calling app_main()[0m
[0;32mI (522) PISDRSL: =========================================[0m
[0;32mI (527) PISDRSL:  PISDRSL · ESP32 IDF v5 · Ts = 10 ms   [0m
[0;32mI (533) PISDRSL:  Telemetria: UDP broadcast puerto 5005    [0m
[0;32mI (538) PISDRSL: =========================================[0m
[0;32mI (774) PISDRSL: MPU6050 OK[0m
[0;32mI (775) PISDRSL: Encoders PCNT OK (cuadratura 4x, filtro 1µs)[0m
[1;31mE (778) ledc: requested frequency 20000 and duty resolution 13 can not be achieved, try reducing freq_hz or duty_resolution. div_param=0[0m
ESP_ERROR_CHECK failed: esp_err_t 0xffffffff (ESP_FAIL) at 0x400dc380
file: "./main/main.c" line 518
func: hw_ledc_init
expression: ledc_timer_config(&tmr)

abort() was called at PC 0x40089fab on core 0


Backtrace: 0x4008a051:0x3ffbc000 0x4008a019:0x3ffbc020 0x40089c3d:0x3ffbc040 0x40089fab:0x3ffbc0b0 0x400dc380:0x3ffbc0e0 0x400dc7f5:0x3ffbc170 0x400d5bee:0x3ffbc1c0 0x4015b4ba:0x3ffbc1f0




ELF file SHA256: 3fed37edb

Rebooting...
ets Jul 29 2019 12:21:46

rst:0xc (SW_CPU_RESET),boot:0x13 (SPI_FAST_FLASH_BOOT)
configsip: 0, SPIWP:0xee
clk_drv:0x00,q_drv:0x00,d_drv:0x00,cs0_drv:0x00,hd_drv:0x00,wp_drv:0x00
mode:DIO, clock div:2
load:0x3fff0040,len:6272
load:0x40078000,len:15848
load:0x40080400,len:3920
entry 0x40080644
[0;32mI (27) boot: ESP-IDF v6.0.1 2nd stage bootloader[0m
[0;32mI (27) boot: compile time May 25 2026 21:08:02[0m
[0;32mI (27) boot: Multicore bootloader[0m
[0;32mI (29) boot: chip revision: v3.1[0m
[0;32mI (31) boot.esp32: SPI Speed      : 40MHz[0m
[0;32mI (35) boot.esp32: SPI Mode       : DIO[0m
[0;32mI (39) boot.esp32: SPI Flash Size : 2MB[0m
[0;32mI (42) boot: Enabling RNG early entropy source...[0m
[0;32mI (47) boot: Partition Table:[0m
[0;32mI (49) boot: ## Label            Usage          Type ST Offset   Length[0m
[0;32mI (56) boot:  0 nvs              WiFi data        01 02 00009000 00006000[0m
[0;32mI (62) boot:  1 phy_init         RF data          01 01 0000f000 00001000[0m
[0;32mI (69) boot:  2 factory          factory app      00 00 00010000 00100000[0m
[0;32mI (75) boot: End of partition table[0m
[0;32mI (79) esp_image: segment 0: paddr=00010020 vaddr=3f400020 size=1cf4ch (118604) map[0m
[0;32mI (128) esp_image: segment 1: paddr=0002cf74 vaddr=3ffb0000 size=030a4h ( 12452) load[0m
[0;32mI (133) esp_image: segment 2: paddr=00030020 vaddr=400d0020 size=8f488h (586888) map[0m
[0;32mI (343) esp_image: segment 3: paddr=000bf4b0 vaddr=3ffb30a4 size=01518h (  5400) load[0m
[0;32mI (345) esp_image: segment 4: paddr=000c09d0 vaddr=40080000 size=15ed8h ( 89816) load[0m
[0;32mI (383) esp_image: segment 5: paddr=000d68b0 vaddr=50000000 size=00028h (    40) load[0m
[0;32mI (395) boot: Loaded app from partition at offset 0x10000[0m
[0;32mI (395) boot: Disabling RNG early entropy source...[0m
[0;32mI (405) cpu_start: Multicore app[0m
[0;32mI (413) cpu_start: GPIO 3 and 1 are used as console UART I/O pins[0m
[0;32mI (414) cpu_start: Pro cpu start user code[0m
[0;32mI (414) cpu_start: cpu freq: 160000000 Hz[0m
[0;32mI (416) app_init: Application information:[0m
[0;32mI (419) app_init: Project name:     pisdrsl[0m
[0;32mI (423) app_init: App version:      1[0m
[0;32mI (427) app_init: Compile time:     May 25 2026 21:07:46[0m
[0;32mI (432) app_init: ELF file SHA256:  3fed37edb...[0m
[0;32mI (436) app_init: ESP-IDF:          v6.0.1[0m
[0;32mI (440) efuse_init: Min chip rev:     v0.0[0m
[0;32mI (444) efuse_init: Max chip rev:     v3.99 [0m
[0;32mI (448) efuse_init: Chip rev:         v3.1[0m
[0;32mI (452) heap_init: Initializing. RAM available for dynamic allocation:[0m
[0;32mI (458) heap_init: At 3FFAE6E0 len 00001920 (6 KiB): DRAM[0m
[0;32mI (463) heap_init: At 3FFB8AD8 len 00027528 (157 KiB): DRAM[0m
[0;32mI (468) heap_init: At 3FFE0440 len 00003AE0 (14 KiB): D/IRAM[0m
[0;32mI (473) heap_init: At 3FFE4350 len 0001BCB0 (111 KiB): D/IRAM[0m
[0;32mI (479) heap_init: At 40095ED8 len 0000A128 (40 KiB): IRAM[0m
[0;33mW (485) spi_flash: Detected boya flash chip but using generic driver. For optimal functionality, enable `SPI_FLASH_SUPPORT_BOYA_CHIP` in menuconfig[0m
[0;32mI (497) spi_flash: detected chip: generic[0m
[0;32mI (501) spi_flash: flash io: dio[0m
[0;33mW (504) spi_flash: Detected size(4096k) larger than the size in the binary image header(2048k). Using the size in the binary image header.[0m
[0;32mI (518) main_task: Started on CPU0[0m
[0;32mI (520) main_task: Calling app_main()[0m
[0;32mI (522) PISDRSL: =========================================[0m
[0;32mI (527) PISDRSL:  PISDRSL · ESP32 IDF v5 · Ts = 10 ms   [0m
[0;32mI (533) PISDRSL:  Telemetria: UDP broadcast puerto 5005    [0m
[0;32mI (538) PISDRSL: =========================================[0m
[0;32mI (774) PISDRSL: MPU6050 OK[0m
[0;32mI (775) PISDRSL: Encoders PCNT OK (cuadratura 4x, filtro 1µs)[0m
[1;31mE (778) ledc: requested frequency 20000 and duty resolution 13 can not be achieved, try reducing freq_hz or duty_resolution. div_param=0[0m
ESP_ERROR_CHECK failed: esp_err_t 0xffffffff (ESP_FAIL) at 0x400dc380
file: "./main/main.c" line 518
func: hw_ledc_init
expression: ledc_timer_config(&tmr)

abort() was called at PC 0x40089fab on core 0


Backtrace: 0x4008a051:0x3ffbc000 0x4008a019:0x3ffbc020 0x40089c3d:0x3ffbc040 0x40089fab:0x3ffbc0b0 0x400dc380:0x3ffbc0e0 0x400dc7f5:0x3ffbc170 0x400d5bee:0x3ffbc1c0 0x4015b4ba:0x3ffbc1f0




ELF file SHA256: 3fed37edb

Rebooting...
ets Jul 29 2019 12:21:46

rst:0xc (SW_CPU_RESET),boot:0x13 (SPI_FAST_FLASH_BOOT)
configsip: 0, SPIWP:0xee
clk_drv:0x00,q_drv:0x00,d_drv:0x00,cs0_drv:0x00,hd_drv:0x00,wp_drv:0x00
mode:DIO, clock div:2
load:0x3fff0040,len:6272
load:0x40078000,len:15848
load:0x40080400,len:3920
entry 0x40080644
[0;32mI (27) boot: ESP-IDF v6.0.1 2nd stage bootloader[0m
[0;32mI (27) boot: compile time May 25 2026 21:08:02[0m
[0;32mI (27) boot: Multicore bootloader[0m
[0;32mI (29) boot: chip revision: v3.1[0m
[0;32mI (31) boot.esp32: SPI Speed      : 40MHz[0m
[0;32mI (35) boot.esp32: SPI Mode       : DIO[0m
[0;32mI (39) boot.esp32: SPI Flash Size : 2MB[0m
[0;32mI (42) boot: Enabling RNG early entropy source...[0m
[0;32mI (47) boot: Partition Table:[0m
[0;32mI (49) boot: ## Label            Usage          Type ST Offset   Length[0m
[0;32mI (56) boot:  0 nvs              WiFi data        01 02 00009000 00006000[0m
[0;32mI (62) boot:  1 phy_init         RF data          01 01 0000f000 00001000[0m
[0;32mI (69) boot:  2 factory          factory app      00 00 00010000 00100000[0m
[0;32mI (75) boot: End of partition table[0m
[0;32mI (79) esp_image: segment 0: paddr=00010020 vaddr=3f400020 size=1cf4ch (118604) map[0m
[0;32mI (128) esp_image: segment 1: paddr=0002cf74 vaddr=3ffb0000 size=030a4h ( 12452) load[0m
[0;32mI (133) esp_image: segment 2: paddr=00030020 vaddr=400d0020 size=8f488h (586888) map[0m
[0;32mI (343) esp_image: segment 3: paddr=000bf4b0 vaddr=3ffb30a4 size=01518h (  5400) load[0m
[0;32mI (345) esp_image: segment 4: paddr=000c09d0 vaddr=40080000 size=15ed8h ( 89816) load[0m
[0;32mI (383) esp_image: segment 5: paddr=000d68b0 vaddr=50000000 size=00028h (    40) load[0m
[0;32mI (395) boot: Loaded app from partition at offset 0x10000[0m
[0;32mI (395) boot: Disabling RNG early entropy source...[0m
[0;32mI (405) cpu_start: Multicore app[0m
[0;32mI (413) cpu_start: GPIO 3 and 1 are used as console UART I/O pins[0m
[0;32mI (414) cpu_start: Pro cpu start user code[0m
[0;32mI (414) cpu_start: cpu freq: 160000000 Hz[0m
[0;32mI (416) app_init: Application information:[0m
[0;32mI (419) app_init: Project name:     pisdrsl[0m
[0;32mI (423) app_init: App version:      1[0m
[0;32mI (427) app_init: Compile time:     May 25 2026 21:07:46[0m
[0;32mI (432) app_init: ELF file SHA256:  3fed37edb...[0m
[0;32mI (436) app_init: ESP-IDF:          v6.0.1[0m
[0;32mI (440) efuse_init: Min chip rev:     v0.0[0m
[0;32mI (444) efuse_init: Max chip rev:     v3.99 [0m
[0;32mI (448) efuse_init: Chip rev:         v3.1[0m
[0;32mI (452) heap_init: Initializing. RAM available for dynamic allocation:[0m
[0;32mI (458) heap_init: At 3FFAE6E0 len 00001920 (6 KiB): DRAM[0m
[0;32mI (463) heap_init: At 3FFB8AD8 len 00027528 (157 KiB): DRAM[0m
[0;32mI (468) heap_init: At 3FFE0440 len 00003AE0 (14 KiB): D/IRAM[0m
[0;32mI (473) heap_init: At 3FFE4350 len 0001BCB0 (111 KiB): D/IRAM[0m
[0;32mI (479) heap_init: At 40095ED8 len 0000A128 (40 KiB): IRAM[0m
[0;33mW (485) spi_flash: Detected boya flash chip but using generic driver. For optimal functionality, enable `SPI_FLASH_SUPPORT_BOYA_CHIP` in menuconfig[0m
[0;32mI (497) spi_flash: detected chip: generic[0m
[0;32mI (501) spi_flash: flash io: dio[0m
[0;33mW (504) spi_flash: Detected size(4096k) larger than the size in the binary image header(2048k). Using the size in the binary image header.[0m
[0;32mI (518) main_task: Started on CPU0[0m
[0;32mI (520) main_task: Calling app_main()[0m
[0;32mI (522) PISDRSL: =========================================[0m
[0;32mI (527) PISDRSL:  PISDRSL · ESP32 IDF v5 · Ts = 10 ms   [0m
[0;32mI (533) PISDRSL:  Telemetria: UDP broadcast puerto 5005    [0m
[0;32mI (538) PISDRSL: =========================================[0m
[0;32mI (774) PISDRSL: MPU6050 OK[0m
[0;32mI (775) PISDRSL: Encoders PCNT OK (cuadratura 4x, filtro 1µs)[0m
[1;31mE (778) ledc: requested frequency 20000 and duty resolution 13 can not be achieved, try reducing freq_hz or duty_resolution. div_param=0[0m
ESP_ERROR_CHECK failed: esp_err_t 0xffffffff (ESP_FAIL) at 0x400dc380
file: "./main/main.c" line 518
func: hw_ledc_init
expression: ledc_timer_config(&tmr)

abort() was called at PC 0x40089fab on core 0


Backtrace: 0x4008a051:0x3ffbc000 0x4008a019:0x3ffbc020 0x40089c3d:0x3ffbc040 0x40089fab:0x3ffbc0b0 0x400dc380:0x3ffbc0e0 0x400dc7f5:0x3ffbc170 0x400d5bee:0x3ffbc1c0 0x4015b4ba:0x3ffbc1f0




ELF file SHA256: 3fed37edb

Rebooting...
ets Jul 29 2019 12:21:46

rst:0xc (SW_CPU_RESET),boot:0x13 (SPI_FAST_FLASH_BOOT)
configsip: 0, SPIWP:0xee
clk_drv:0x00,q_drv:0x00,d_drv:0x00,cs0_drv:0x00,hd_drv:0x00,wp_drv:0x00
mode:DIO, clock div:2
load:0x3fff0040,len:6272
load:0x40078000,len:15848
load:0x40080400,len:3920
entry 0x40080644
[0;32mI (27) boot: ESP-IDF v6.0.1 2nd stage bootloader[0m
[0;32mI (27) boot: compile time May 25 2026 21:08:02[0m
[0;32mI (27) boot: Multicore bootloader[0m
[0;32mI (29) boot: chip revision: v3.1[0m
[0;32mI (31) boot.esp32: SPI Speed      : 40MHz[0m
[0;32mI (35) boot.esp32: SPI Mode       : DIO[0m
[0;32mI (39) boot.esp32: SPI Flash Size : 2MB[0m
[0;32mI (42) boot: Enabling RNG early entropy source...[0m
[0;32mI (47) boot: Partition Table:[0m
[0;32mI (49) boot: ## Label            Usage          Type ST Offset   Length[0m
[0;32mI (56) boot:  0 nvs              WiFi data        01 02 00009000 00006000[0m
[0;32mI (62) boot:  1 phy_init         RF data          01 01 0000f000 00001000[0m
[0;32mI (69) boot:  2 factory          factory app      00 00 00010000 00100000[0m
[0;32mI (75) boot: End of partition table[0m
[0;32mI (79) esp_image: segment 0: paddr=00010020 vaddr=3f400020 size=1cf4ch (118604) map[0m
[0;32mI (128) esp_image: segment 1: paddr=0002cf74 vaddr=3ffb0000 size=030a4h ( 12452) load[0m
[0;32mI (133) esp_image: segment 2: paddr=00030020 vaddr=400d0020 size=8f488h (586888) map[0m
[0;32mI (343) esp_image: segment 3: paddr=000bf4b0 vaddr=3ffb30a4 size=01518h (  5400) load[0m
[0;32mI (345) esp_image: segment 4: paddr=000c09d0 vaddr=40080000 size=15ed8h ( 89816) load[0m
[0;32mI (383) esp_image: segment 5: paddr=000d68b0 vaddr=50000000 size=00028h (    40) load[0m
[0;32mI (395) boot: Loaded app from partition at offset 0x10000[0m
[0;32mI (395) boot: Disabling RNG early entropy source...[0m
[0;32mI (405) cpu_start: Multicore app[0m
[0;32mI (413) cpu_start: GPIO 3 and 1 are used as console UART I/O pins[0m
[0;32mI (414) cpu_start: Pro cpu start user code[0m
[0;32mI (414) cpu_start: cpu freq: 160000000 Hz[0m
[0;32mI (416) app_init: Application information:[0m
[0;32mI (419) app_init: Project name:     pisdrsl[0m
[0;32mI (423) app_init: App version:      1[0m
[0;32mI (427) app_init: Compile time:     May 25 2026 21:07:46[0m
[0;32mI (432) app_init: ELF file SHA256:  3fed37edb...[0m
[0;32mI (436) app_init: ESP-IDF:          v6.0.1[0m
[0;32mI (440) efuse_init: Min chip rev:     v0.0[0m
[0;32mI (444) efuse_init: Max chip rev:     v3.99 [0m
[0;32mI (448) efuse_init: Chip rev:         v3.1[0m
[0;32mI (452) heap_init: Initializing. RAM available for dynamic allocation:[0m
[0;32mI (458) heap_init: At 3FFAE6E0 len 00001920 (6 KiB): DRAM[0m
[0;32mI (463) heap_init: At 3FFB8AD8 len 00027528 (157 KiB): DRAM[0m
[0;32mI (468) heap_init: At 3FFE0440 len 00003AE0 (14 KiB): D/IRAM[0m
[0;32mI (473) heap_init: At 3FFE4350 len 0001BCB0 (111 KiB): D/IRAM[0m
[0;32mI (479) heap_init: At 40095ED8 len 0000A128 (40 KiB): IRAM[0m
[0;33mW (485) spi_flash: Detected boya flash chip but using generic driver. For optimal functionality, enable `SPI_FLASH_SUPPORT_BOYA_CHIP` in menuconfig[0m
[0;32mI (497) spi_flash: detected chip: generic[0m
[0;32mI (501) spi_flash: flash io: dio[0m
[0;33mW (504) spi_flash: Detected size(4096k) larger than the size in the binary image header(2048k). Using the size in the binary image header.[0m
[0;32mI (518) main_task: Started on CPU0[0m
[0;32mI (520) main_task: Calling app_main()[0m
[0;32mI (522) PISDRSL: =========================================[0m
[0;32mI (527) PISDRSL:  PISDRSL · ESP32 IDF v5 · Ts = 10 ms   [0m
[0;32mI (533) PISDRSL:  Telemetria: UDP broadcast puerto 5005    [0m
[0;32mI (538) PISDRSL: =========================================[0m
[0;32mI (774) PISDRSL: MPU6050 OK[0m
[0;32mI (775) PISDRSL: Encoders PCNT OK (cuadratura 4x, filtro 1µs)[0m
[1;31mE (778) ledc: requested frequency 20000 and duty resolution 13 can not be achieved, try reducing freq_hz or duty_resolution. div_param=0[0m
ESP_ERROR_CHECK failed: esp_err_t 0xffffffff (ESP_FAIL) at 0x400dc380
file: "./main/main.c" line 518
func: hw_ledc_init
expression: ledc_timer_config(&tmr)

abort() was called at PC 0x40089fab on core 0


Backtrace: 0x4008a051:0x3ffbc000 0x4008a019:0x3ffbc020 0x40089c3d:0x3ffbc040 0x40089fab:0x3ffbc0b0 0x400dc380:0x3ffbc0e0 0x400dc7f5:0x3ffbc170 0x400d5bee:0x3ffbc1c0 0x4015b4ba:0x3ffbc1f0




ELF file SHA256: 3fed37edb

Rebooting...
ets Jul 29 2019 12:21:46

rst:0xc (SW_CPU_RESET),boot:0x13 (SPI_FAST_FLASH_BOOT)
configsip: 0, SPIWP:0xee
clk_drv:0x00,q_drv:0x00,d_drv:0x00,cs0_drv:0x00,hd_drv:0x00,wp_drv:0x00
mode:DIO, clock div:2
load:0x3fff0040,len:6272
load:0x40078000,len:15848
load:0x40080400,len:3920
entry 0x40080644
[0;32mI (27) boot: ESP-IDF v6.0.1 2nd stage bootloader[0m
[0;32mI (27) boot: compile time May 25 2026 21:08:02[0m
[0;32mI (27) boot: Multicore bootloader[0m
[0;32mI (29) boot: chip revision: v3.1[0m
[0;32mI (31) boot.esp32: SPI Speed      : 40MHz[0m
[0;32mI (35) boot.esp32: SPI Mode       : DIO[0m
[0;32mI (39) boot.esp32: SPI Flash Size : 2MB[0m
[0;32mI (42) boot: Enabling RNG early entropy source...[0m
[0;32mI (47) boot: Partition Table:[0m
[0;32mI (49) boot: ## Label            Usage          Type ST Offset   Length[0m
[0;32mI (56) boot:  0 nvs              WiFi data        01 02 00009000 00006000[0m
[0;32mI (62) boot:  1 phy_init         RF data          01 01 0000f000 00001000[0m
[0;32mI (69) boot:  2 factory          factory app      00 00 00010000 00100000[0m
[0;32mI (75) boot: End of partition table[0m
[0;32mI (79) esp_image: segment 0: paddr=00010020 vaddr=3f400020 size=1cf4ch (118604) map[0m
[0;32mI (128) esp_image: segment 1: paddr=0002cf74 vaddr=3ffb0000 size=030a4h ( 12452) load[0m
[0;32mI (133) esp_image: segment 2: paddr=00030020 vaddr=400d0020 size=8f488h (586888) map[0m
[0;32mI (343) esp_image: segment 3: paddr=000bf4b0 vaddr=3ffb30a4 size=01518h (  5400) load[0m
[0;32mI (345) esp_image: segment 4: paddr=000c09d0 vaddr=40080000 size=15ed8h ( 89816) load[0m
[0;32mI (383) esp_image: segment 5: paddr=000d68b0 vaddr=50000000 size=00028h (    40) load[0m
[0;32mI (395) boot: Loaded app from partition at offset 0x10000[0m
[0;32mI (395) boot: Disabling RNG early entropy source...[0m
[0;32mI (405) cpu_start: Multicore app[0m
[0;32mI (413) cpu_start: GPIO 3 and 1 are used as console UART I/O pins[0m
[0;32mI (414) cpu_start: Pro cpu start user code[0m
[0;32mI (414) cpu_start: cpu freq: 160000000 Hz[0m
[0;32mI (416) app_init: Application information:[0m
[0;32mI (419) app_init: Project name:     pisdrsl[0m
[0;32mI (423) app_init: App version:      1[0m
[0;32mI (427) app_init: Compile time:     May 25 2026 21:07:46[0m
[0;32mI (432) app_init: ELF file SHA256:  3fed37edb...[0m
[0;32mI (436) app_init: ESP-IDF:          v6.0.1[0m
[0;32mI (440) efuse_init: Min chip rev:     v0.0[0m
[0;32mI (444) efuse_init: Max chip rev:     v3.99 [0m
[0;32mI (448) efuse_init: Chip rev:         v3.1[0m
[0;32mI (452) heap_init: Initializing. RAM available for dynamic allocation:[0m
[0;32mI (458) heap_init: At 3FFAE6E0 len 00001920 (6 KiB): DRAM[0m
[0;32mI (463) heap_init: At 3FFB8AD8 len 00027528 (157 KiB): DRAM[0m
[0;32mI (468) heap_init: At 3FFE0440 len 00003AE0 (14 KiB): D/IRAM[0m
[0;32mI (473) heap_init: At 3FFE4350 len 0001BCB0 (111 KiB): D/IRAM[0m
[0;32mI (479) heap_init: At 40095ED8 len 0000A128 (40 KiB): IRAM[0m
[0;33mW (485) spi_flash: Detected boya flash chip but using generic driver. For optimal functionality, enable `SPI_FLASH_SUPPORT_BOYA_CHIP` in menuconfig[0m
[0;32mI (497) spi_flash: detected chip: generic[0m
[0;32mI (501) spi_flash: flash io: dio[0m
[0;33mW (504) spi_flash: Detected size(4096k) larger than the size in the binary image header(2048k). Using the size in the binary image header.[0m
[0;32mI (518) main_task: Started on CPU0[0m
[0;32mI (520) main_task: Calling app_main()[0m
[0;32mI (522) PISDRSL: =========================================[0m
[0;32mI (527) PISDRSL:  PISDRSL · ESP32 IDF v5 · Ts = 10 ms   [0m
[0;32mI (533) PISDRSL:  Telemetria: UDP broadcast puerto 5005    [0m
[0;32mI (538) PISDRSL: =========================================[0m
[0;32mI (774) PISDRSL: MPU6050 OK[0m
[0;32mI (775) PISDRSL: Encoders PCNT OK (cuadratura 4x, filtro 1µs)[0m
[1;31mE (778) ledc: requested frequency 20000 and duty resolution 13 can not be achieved, try reducing freq_hz or duty_resolution. div_param=0[0m
ESP_ERROR_CHECK failed: esp_err_t 0xffffffff (ESP_FAIL) at 0x400dc380
file: "./main/main.c" line 518
func: hw_ledc_init
expression: ledc_timer_config(&tmr)

abort() was called at PC 0x40089fab on core 0


Backtrace: 0x4008a051:0x3ffbc000 0x4008a019:0x3ffbc020 0x40089c3d:0x3ffbc040 0x40089fab:0x3ffbc0b0 0x400dc380:0x3ffbc0e0 0x400dc7f5:0x3ffbc170 0x400d5bee:0x3ffbc1c0 0x4015b4ba:0x3ffbc1f0




ELF file SHA256: 3fed37edb

Rebooting...
ets Jul 29 2019 12:21:46

rst:0xc (SW_CPU_RESET),boot:0x13 (SPI_FAST_FLASH_BOOT)
configsip: 0, SPIWP:0xee
clk_drv:0x00,q_drv:0x00,d_drv:0x00,cs0_drv:0x00,hd_drv:0x00,wp_drv:0x00
mode:DIO, clock div:2
load:0x3fff0040,len:6272
load:0x40078000,len:15848
load:0x40080400,len:3920
entry 0x40080644
[0;32mI (27) boot: ESP-IDF v6.0.1 2nd stage bootloader[0m
[0;32mI (27) boot: compile time May 25 2026 21:08:02[0m
[0;32mI (27) boot: Multicore bootloader[0m
[0;32mI (29) boot: chip revision: v3.1[0m
[0;32mI (31) boot.esp32: SPI Speed      : 40MHz[0m
[0;32mI (35) boot.esp32: SPI Mode       : DIO[0m
[0;32mI (39) boot.esp32: SPI Flash Size : 2MB[0m
[0;32mI (42) boot: Enabling RNG early entropy source...[0m
[0;32mI (47) boot: Partition Table:[0m
[0;32mI (49) boot: ## Label            Usage          Type ST Offset   Length[0m
[0;32mI (56) boot:  0 nvs              WiFi data        01 02 00009000 00006000[0m
[0;32mI (62) boot:  1 phy_init         RF data          01 01 0000f000 00001000[0m
[0;32mI (69) boot:  2 factory          factory app      00 00 00010000 00100000[0m
[0;32mI (75) boot: End of partition table[0m
[0;32mI (79) esp_image: segment 0: paddr=00010020 vaddr=3f400020 size=1cf4ch (118604) map[0m
[0;32mI (128) esp_image: segment 1: paddr=0002cf74 vaddr=3ffb0000 size=030a4h ( 12452) load[0m
[0;32mI (133) esp_image: segment 2: paddr=00030020 vaddr=400d0020 size=8f488h (586888) map[0m
[0;32mI (343) esp_image: segment 3: paddr=000bf4b0 vaddr=3ffb30a4 size=01518h (  5400) load[0m
[0;32mI (345) esp_image: segment 4: paddr=000c09d0 vaddr=40080000 size=15ed8h ( 89816) load[0m
[0;32mI (383) esp_image: segment 5: paddr=000d68b0 vaddr=50000000 size=00028h (    40) load[0m
[0;32mI (395) boot: Loaded app from partition at offset 0x10000[0m
[0;32mI (395) boot: Disabling RNG early entropy source...[0m
[0;32mI (405) cpu_start: Multicore app[0m
[0;32mI (413) cpu_start: GPIO 3 and 1 are used as console UART I/O pins[0m
[0;32mI (414) cpu_start: Pro cpu start user code[0m
[0;32mI (414) cpu_start: cpu freq: 160000000 Hz[0m
[0;32mI (416) app_init: Application information:[0m
[0;32mI (419) app_init: Project name:     pisdrsl[0m
[0;32mI (423) app_init: App version:      1[0m
[0;32mI (427) app_init: Compile time:     May 25 2026 21:07:46[0m
[0;32mI (432) app_init: ELF file SHA256:  3fed37edb...[0m
[0;32mI (436) app_init: ESP-IDF:          v6.0.1[0m
[0;32mI (440) efuse_init: Min chip rev:     v0.0[0m
[0;32mI (444) efuse_init: Max chip rev:     v3.99 [0m
[0;32mI (448) efuse_init: Chip rev:         v3.1[0m
[0;32mI (452) heap_init: Initializing. RAM available for dynamic allocation:[0m
[0;32mI (458) heap_init: At 3FFAE6E0 len 00001920 (6 KiB): DRAM[0m
[0;32mI (463) heap_init: At 3FFB8AD8 len 00027528 (157 KiB): DRAM[0m
[0;32mI (468) heap_init: At 3FFE0440 len 00003AE0 (14 KiB): D/IRAM[0m
[0;32mI (473) heap_init: At 3FFE4350 len 0001BCB0 (111 KiB): D/IRAM[0m
[0;32mI (479) heap_init: At 40095ED8 len 0000A128 (40 KiB): IRAM[0m
[0;33mW (485) spi_flash: Detected boya flash chip but using generic driver. For optimal functionality, enable `SPI_FLASH_SUPPORT_BOYA_CHIP` in menuconfig[0m
[0;32mI (497) spi_flash: detected chip: generic[0m
[0;32mI (501) spi_flash: flash io: dio[0m
[0;33mW (504) spi_flash: Detected size(4096k) larger than the size in the binary image header(2048k). Using the size in the binary image header.[0m
[0;32mI (518) main_task: Started on CPU0[0m
[0;32mI (520) main_task: Calling app_main()[0m
[0;32mI (522) PISDRSL: =========================================[0m
[0;32mI (527) PISDRSL:  PISDRSL · ESP32 IDF v5 · Ts = 10 ms   [0m
[0;32mI (533) PISDRSL:  Telemetria: UDP broadcast puerto 5005    [0m
[0;32mI (538) PISDRSL: =========================================[0m
[0;32mI (774) PISDRSL: MPU6050 OK[0m
[0;32mI (775) PISDRSL: Encoders PCNT OK (cuadratura 4x, filtro 1µs)[0m
[1;31mE (778) ledc: requested frequency 20000 and duty resolution 13 can not be achieved, try reducing freq_hz or duty_resolution. div_param=0[0m
ESP_ERROR_CHECK failed: esp_err_t 0xffffffff (ESP_FAIL) at 0x400dc380
file: "./main/main.c" line 518
func: hw_ledc_init
expression: ledc_timer_config(&tmr)

abort() was called at PC 0x40089fab on core 0


Backtrace: 0x4008a051:0x3ffbc000 0x4008a019:0x3ffbc020 0x40089c3d:0x3ffbc040 0x40089fab:0x3ffbc0b0 0x400dc380:0x3ffbc0e0 0x400dc7f5:0x3ffbc170 0x400d5bee:0x3ffbc1c0 0x4015b4ba:0x3ffbc1f0




ELF file SHA256: 3fed37edb

Rebooting...
ets Jul 29 2019 12:21:46

rst:0xc (SW_CPU_RESET),boot:0x13 (SPI_FAST_FLASH_BOOT)
configsip: 0, SPIWP:0xee
clk_drv:0x00,q_drv:0x00,d_drv:0x00,cs0_drv:0x00,hd_drv:0x00,wp_drv:0x00
mode:DIO, clock div:2
load:0x3fff0040,len:6272
load:0x40078000,len:15848
load:0x40080400,len:3920
entry 0x40080644
[0;32mI (27) boot: ESP-IDF v6.0.1 2nd stage bootloader[0m
[0;32mI (27) boot: compile time May 25 2026 21:08:02[0m
[0;32mI (27) boot: Multicore bootloader[0m
[0;32mI (29) boot: chip revision: v3.1[0m
[0;32mI (31) boot.esp32: SPI Speed      : 40MHz[0m
[0;32mI (35) boot.esp32: SPI Mode       : DIO[0m
[0;32mI (39) boot.esp32: SPI Flash Size : 2MB[0m
[0;32mI (42) boot: Enabling RNG early entropy source...[0m
[0;32mI (47) boot: Partition Table:[0m
[0;32mI (49) boot: ## Label            Usage          Type ST Offset   Length[0m
[0;32mI (56) boot:  0 nvs              WiFi data        01 02 00009000 00006000[0m
[0;32mI (62) boot:  1 phy_init         RF data          01 01 0000f000 00001000[0m
[0;32mI (69) boot:  2 factory          factory app      00 00 00010000 00100000[0m
[0;32mI (75) boot: End of partition table[0m
[0;32mI (79) esp_image: segment 0: paddr=00010020 vaddr=3f400020 size=1cf4ch (118604) map[0m
[0;32mI (128) esp_image: segment 1: paddr=0002cf74 vaddr=3ffb0000 size=030a4h ( 12452) load[0m
[0;32mI (133) esp_image: segment 2: paddr=00030020 vaddr=400d0020 size=8f488h (586888) map[0m
[0;32mI (343) esp_image: segment 3: paddr=000bf4b0 vaddr=3ffb30a4 size=01518h (  5400) load[0m
[0;32mI (345) esp_image: segment 4: paddr=000c09d0 vaddr=40080000 size=15ed8h ( 89816) load[0m
[0;32mI (383) esp_image: segment 5: paddr=000d68b0 vaddr=50000000 size=00028h (    40) load[0m
[0;32mI (395) boot: Loaded app from partition at offset 0x10000[0m
[0;32mI (395) boot: Disabling RNG early entropy source...[0m
[0;32mI (405) cpu_start: Multicore app[0m
[0;32mI (413) cpu_start: GPIO 3 and 1 are used as console UART I/O pins[0m
[0;32mI (414) cpu_start: Pro cpu start user code[0m
[0;32mI (414) cpu_start: cpu freq: 160000000 Hz[0m
[0;32mI (416) app_init: Application information:[0m
[0;32mI (419) app_init: Project name:     pisdrsl[0m
[0;32mI (423) app_init: App version:      1[0m
[0;32mI (427) app_init: Compile time:     May 25 2026 21:07:46[0m
[0;32mI (432) app_init: ELF file SHA256:  3fed37edb...[0m
[0;32mI (436) app_init: ESP-IDF:          v6.0.1[0m
[0;32mI (440) efuse_init: Min chip rev:     v0.0[0m
[0;32mI (444) efuse_init: Max chip rev:     v3.99 [0m
[0;32mI (448) efuse_init: Chip rev:         v3.1[0m
[0;32mI (452) heap_init: Initializing. RAM available for dynamic allocation:[0m
[0;32mI (458) heap_init: At 3FFAE6E0 len 00001920 (6 KiB): DRAM[0m
[0;32mI (463) heap_init: At 3FFB8AD8 len 00027528 (157 KiB): DRAM[0m
[0;32mI (468) heap_init: At 3FFE0440 len 00003AE0 (14 KiB): D/IRAM[0m
[0;32mI (473) heap_init: At 3FFE4350 len 0001BCB0 (111 KiB): D/IRAM[0m
[0;32mI (479) heap_init: At 40095ED8 len 0000A128 (40 KiB): IRAM[0m
[0;33mW (485) spi_flash: Detected boya flash chip but using generic driver. For optimal functionality, enable `SPI_FLASH_SUPPORT_BOYA_CHIP` in menuconfig[0m
[0;32mI (497) spi_flash: detected chip: generic[0m
[0;32mI (501) spi_flash: flash io: dio[0m
[0;33mW (504) spi_flash: Detected size(4096k) larger than the size in the binary image header(2048k). Using the size in the binary image header.[0m
[0;32mI (518) main_task: Started on CPU0[0m
[0;32mI (520) main_task: Calling app_main()[0m
[0;32mI (522) PISDRSL: =========================================[0m
[0;32mI (527) PISDRSL:  PISDRSL · ESP32 IDF v5 · Ts = 10 ms   [0m
[0;32mI (533) PISDRSL:  Telemetria: UDP broadcast puerto 5005    [0m
[0;32mI (538) PISDRSL: =========================================[0m
[0;32mI (774) PISDRSL: MPU6050 OK[0m
[0;32mI (775) PISDRSL: Encoders PCNT OK (cuadratura 4x, filtro 1µs)[0m
[1;31mE (778) ledc: requested frequency 20000 and duty resolution 13 can not be achieved, try reducing freq_hz or duty_resolution. div_param=0[0m
ESP_ERROR_CHECK failed: esp_err_t 0xffffffff (ESP_FAIL) at 0x400dc380
file: "./main/main.c" line 518
func: hw_ledc_init
expression: ledc_timer_config(&tmr)

abort() was called at PC 0x40089fab on core 0


Backtrace: 0x4008a051:0x3ffbc000 0x4008a019:0x3ffbc020 0x40089c3d:0x3ffbc040 0x40089fab:0x3ffbc0b0 0x400dc380:0x3ffbc0e0 0x400dc7f5:0x3ffbc170 0x400d5bee:0x3ffbc1c0 0x4015b4ba:0x3ffbc1f0




ELF file SHA256: 3fed37edb

Rebooting...
ets Jul 29 2019 12:21:46

rst:0xc (SW_CPU_RESET),boot:0x13 (SPI_FAST_FLASH_BOOT)
configsip: 0, SPIWP:0xee
clk_drv:0x00,q_drv:0x00,d_drv:0x00,cs0_drv:0x00,hd_drv:0x00,wp_drv:0x00
mode:DIO, clock div:2
load:0x3fff0040,len:6272
load:0x40078000,len:15848
load:0x40080400,len:3920
entry 0x40080644
[0;32mI (27) boot: ESP-IDF v6.0.1 2nd stage bootloader[0m
[0;32mI (27) boot: compile time May 25 2026 21:08:02[0m
[0;32mI (27) boot: Multicore bootloader[0m
[0;32mI (29) boot: chip revision: v3.1[0m
[0;32mI (31) boot.esp32: SPI Speed      : 40MHz[0m
[0;32mI (35) boot.esp32: SPI Mode       : DIO[0m
[0;32mI (39) boot.esp32: SPI Flash Size : 2MB[0m
[0;32mI (42) boot: Enabling RNG early entropy source...[0m
[0;32mI (47) boot: Partition Table:[0m
[0;32mI (49) boot: ## Label            Usage          Type ST Offset   Length[0m
[0;32mI (56) boot:  0 nvs              WiFi data        01 02 00009000 00006000[0m
[0;32mI (62) boot:  1 phy_init         RF data          01 01 0000f000 00001000[0m
[0;32mI (69) boot:  2 factory          factory app      00 00 00010000 00100000[0m
[0;32mI (75) boot: End of partition table[0m
[0;32mI (79) esp_image: segment 0: paddr=00010020 vaddr=3f400020 size=1cf4ch (118604) map[0m
[0;32mI (128) esp_image: segment 1: paddr=0002cf74 vaddr=3ffb0000 size=030a4h ( 12452) load[0m
[0;32mI (133) esp_image: segment 2: paddr=00030020 vaddr=400d0020 size=8f488h (586888) map[0m
[0;32mI (343) esp_image: segment 3: paddr=000bf4b0 vaddr=3ffb30a4 size=01518h (  5400) load[0m
[0;32mI (345) esp_image: segment 4: paddr=000c09d0 vaddr=40080000 size=15ed8h ( 89816) load[0m
[0;32mI (383) esp_image: segment 5: paddr=000d68b0 vaddr=50000000 size=00028h (    40) load[0m
[0;32mI (395) boot: Loaded app from partition at offset 0x10000[0m
[0;32mI (395) boot: Disabling RNG early entropy source...[0m
[0;32mI (405) cpu_start: Multicore app[0m
[0;32mI (413) cpu_start: GPIO 3 and 1 are used as console UART I/O pins[0m
[0;32mI (414) cpu_start: Pro cpu start user code[0m
[0;32mI (414) cpu_start: cpu freq: 160000000 Hz[0m
[0;32mI (416) app_init: Application information:[0m
[0;32mI (419) app_init: Project name:     pisdrsl[0m
[0;32mI (423) app_init: App version:      1[0m
[0;32mI (427) app_init: Compile time:     May 25 2026 21:07:46[0m
[0;32mI (432) app_init: ELF file SHA256:  3fed37edb...[0m
[0;32mI (436) app_init: ESP-IDF:          v6.0.1[0m
[0;32mI (440) efuse_init: Min chip rev:     v0.0[0m
[0;32mI (444) efuse_init: Max chip rev:     v3.99 [0m
[0;32mI (448) efuse_init: Chip rev:         v3.1[0m
[0;32mI (452) heap_init: Initializing. RAM available for dynamic allocation:[0m
[0;32mI (458) heap_init: At 3FFAE6E0 len 00001920 (6 KiB): DRAM[0m
[0;32mI (463) heap_init: At 3FFB8AD8 len 00027528 (157 KiB): DRAM[0m
[0;32mI (468) heap_init: At 3FFE0440 len 00003AE0 (14 KiB): D/IRAM[0m
[0;32mI (473) heap_init: At 3FFE4350 len 0001BCB0 (111 KiB): D/IRAM[0m
[0;32mI (479) heap_init: At 40095ED8 len 0000A128 (40 KiB): IRAM[0m
[0;33mW (485) spi_flash: Detected boya flash chip but using generic driver. For optimal functionality, enable `SPI_FLASH_SUPPORT_BOYA_CHIP` in menuconfig[0m
[0;32mI (497) spi_flash: detected chip: generic[0m
[0;32mI (501) spi_flash: flash io: dio[0m
[0;33mW (504) spi_flash: Detected size(4096k) larger than the size in the binary image header(2048k). Using the size in the binary image header.[0m
[0;32mI (518) main_task: Started on CPU0[0m
[0;32mI (520) main_task: Calling app_main()[0m
[0;32mI (522) PISDRSL: =========================================[0m
[0;32mI (527) PISDRSL:  PISDRSL · ESP32 IDF v5 · Ts = 10 ms   [0m
[0;32mI (533) PISDRSL:  Telemetria: UDP broadcast puerto 5005    [0m
[0;32mI (538) PISDRSL: =========================================[0m
[0;32mI (774) PISDRSL: MPU6050 OK[0m
[0;32mI (775) PISDRSL: Encoders PCNT OK (cuadratura 4x, filtro 1µs)[0m
[1;31mE (778) ledc: requested frequency 20000 and duty resolution 13 can not be achieved, try reducing freq_hz or duty_resolution. div_param=0[0m
ESP_ERROR_CHECK failed: esp_err_t 0xffffffff (ESP_FAIL) at 0x400dc380
file: "./main/main.c" line 518
func: hw_ledc_init
expression: ledc_timer_config(&tmr)

abort() was called at PC 0x40089fab on core 0


Backtrace: 0x4008a051:0x3ffbc000 0x4008a019:0x3ffbc020 0x40089c3d:0x3ffbc040 0x40089fab:0x3ffbc0b0 0x400dc380:0x3ffbc0e0 0x400dc7f5:0x3ffbc170 0x400d5bee:0x3ffbc1c0 0x4015b4ba:0x3ffbc1f0




ELF file SHA256: 3fed37edb

Rebooting...
ets Jul 29 2019 12:21:46

rst:0xc (SW_CPU_RESET),boot:0x13 (SPI_FAST_FLASH_BOOT)
configsip: 0, SPIWP:0xee
clk_drv:0x00,q_drv:0x00,d_drv:0x00,cs0_drv:0x00,hd_drv:0x00,wp_drv:0x00
mode:DIO, clock div:2
load:0x3fff0040,len:6272
load:0x40078000,len:15848
load:0x40080400,len:3920
entry 0x40080644
[0;32mI (27) boot: ESP-IDF v6.0.1 2nd stage bootloader[0m
[0;32mI (27) boot: compile time May 25 2026 21:08:02[0m
[0;32mI (27) boot: Multicore bootloader[0m
[0;32mI (29) boot: chip revision: v3.1[0m
[0;32mI (31) boot.esp32: SPI Speed      : 40MHz[0m
[0;32mI (35) boot.esp32: SPI Mode       : DIO[0m
[0;32mI (39) boot.esp32: SPI Flash Size : 2MB[0m
[0;32mI (42) boot: Enabling RNG early entropy source...[0m
[0;32mI (47) boot: Partition Table:[0m
[0;32mI (49) boot: ## Label            Usage          Type ST Offset   Length[0m
[0;32mI (56) boot:  0 nvs              WiFi data        01 02 00009000 00006000[0m
[0;32mI (62) boot:  1 phy_init         RF data          01 01 0000f000 00001000[0m
[0;32mI (69) boot:  2 factory          factory app      00 00 00010000 00100000[0m
[0;32mI (75) boot: End of partition table[0m
[0;32mI (79) esp_image: segment 0: paddr=00010020 vaddr=3f400020 size=1cf4ch (118604) map[0m
[0;32mI (128) esp_image: segment 1: paddr=0002cf74 vaddr=3ffb0000 size=030a4h ( 12452) load[0m
[0;32mI (133) esp_image: segment 2: paddr=00030020 vaddr=400d0020 size=8f488h (586888) map[0m
[0;32mI (343) esp_image: segment 3: paddr=000bf4b0 vaddr=3ffb30a4 size=01518h (  5400) load[0m
[0;32mI (345) esp_image: segment 4: paddr=000c09d0 vaddr=40080000 size=15ed8h ( 89816) load[0m
[0;32mI (383) esp_image: segment 5: paddr=000d68b0 vaddr=50000000 size=00028h (    40) load[0m
[0;32mI (395) boot: Loaded app from partition at offset 0x10000[0m
[0;32mI (395) boot: Disabling RNG early entropy source...[0m
[0;32mI (405) cpu_start: Multicore app[0m
[0;32mI (413) cpu_start: GPIO 3 and 1 are used as console UART I/O pins[0m
[0;32mI (414) cpu_start: Pro cpu start user code[0m
[0;32mI (414) cpu_start: cpu freq: 160000000 Hz[0m
[0;32mI (416) app_init: Application information:[0m
[0;32mI (419) app_init: Project name:     pisdrsl[0m
[0;32mI (423) app_init: App version:      1[0m
[0;32mI (427) app_init: Compile time:     May 25 2026 21:07:46[0m
[0;32mI (432) app_init: ELF file SHA256:  3fed37edb...[0m
[0;32mI (436) app_init: ESP-IDF:          v6.0.1[0m
[0;32mI (440) efuse_init: Min chip rev:     v0.0[0m
[0;32mI (444) efuse_init: Max chip rev:     v3.99 [0m
[0;32mI (448) efuse_init: Chip rev:         v3.1[0m
[0;32mI (452) heap_init: Initializing. RAM available for dynamic allocation:[0m
[0;32mI (458) heap_init: At 3FFAE6E0 len 00001920 (6 KiB): DRAM[0m
[0;32mI (463) heap_init: At 3FFB8AD8 len 00027528 (157 KiB): DRAM[0m
[0;32mI (468) heap_init: At 3FFE0440 len 00003AE0 (14 KiB): D/IRAM[0m
[0;32mI (473) heap_init: At 3FFE4350 len 0001BCB0 (111 KiB): D/IRAM[0m
[0;32mI (479) heap_init: At 40095ED8 len 0000A128 (40 KiB): IRAM[0m
[0;33mW (485) spi_flash: Detected boya flash chip but using generic driver. For optimal functionality, enable `SPI_FLASH_SUPPORT_BOYA_CHIP` in menuconfig[0m
[0;32mI (497) spi_flash: detected chip: generic[0m
[0;32mI (501) spi_flash: flash io: dio[0m
[0;33mW (504) spi_flash: Detected size(4096k) larger than the size in the binary image header(2048k). Using the size in the binary image header.[0m
[0;32mI (518) main_task: Started on CPU0[0m
[0;32mI (520) main_task: Calling app_main()[0m
[0;32mI (522) PISDRSL: =========================================[0m
[0;32mI (527) PISDRSL:  PISDRSL · ESP32 IDF v5 · Ts = 10 ms   [0m
[0;32mI (533) PISDRSL:  Telemetria: UDP broadcast puerto 5005    [0m
[0;32mI (538) PISDRSL: =========================================[0m
[0;32mI (774) PISDRSL: MPU6050 OK[0m
[0;32mI (775) PISDRSL: Encoders PCNT OK (cuadratura 4x, filtro 1µs)[0m
[1;31mE (778) ledc: requested frequency 20000 and duty resolution 13 can not be achieved, try reducing freq_hz or duty_resolution. div_param=0[0m
ESP_ERROR_CHECK failed: esp_err_t 0xffffffff (ESP_FAIL) at 0x400dc380
file: "./main/main.c" line 518
func: hw_ledc_init
expression: ledc_timer_config(&tmr)

abort() was called at PC 0x40089fab on core 0


Backtrace: 0x4008a051:0x3ffbc000 0x4008a019:0x3ffbc020 0x40089c3d:0x3ffbc040 0x40089fab:0x3ffbc0b0 0x400dc380:0x3ffbc0e0 0x400dc7f5:0x3ffbc170 0x400d5bee:0x3ffbc1c0 0x4015b4ba:0x3ffbc1f0




ELF file SHA256: 3fed37edb

Rebooting...
ets Jul 29 2019 12:21:46

rst:0xc (SW_CPU_RESET),boot:0x13 (SPI_FAST_FLASH_BOOT)
configsip: 0, SPIWP:0xee
clk_drv:0x00,q_drv:0x00,d_drv:0x00,cs0_drv:0x00,hd_drv:0x00,wp_drv:0x00
mode:DIO, clock div:2
load:0x3fff0040,len:6272
load:0x40078000,len:15848
load:0x40080400,len:3920
entry 0x40080644
[0;32mI (27) boot: ESP-IDF v6.0.1 2nd stage bootloader[0m
[0;32mI (27) boot: compile time May 25 2026 21:08:02[0m
[0;32mI (27) boot: Multicore bootloader[0m
[0;32mI (29) boot: chip revision: v3.1[0m
[0;32mI (31) boot.esp32: SPI Speed      : 40MHz[0m
[0;32mI (35) boot.esp32: SPI Mode       : DIO[0m
[0;32mI (39) boot.esp32: SPI Flash Size : 2MB[0m
[0;32mI (42) boot: Enabling RNG early entropy source...[0m
[0;32mI (47) boot: Partition Table:[0m
[0;32mI (49) boot: ## Label            Usage          Type ST Offset   Length[0m
[0;32mI (56) boot:  0 nvs              WiFi data        01 02 00009000 00006000[0m
[0;32mI (62) boot:  1 phy_init         RF data          01 01 0000f000 00001000[0m
[0;32mI (69) boot:  2 factory          factory app      00 00 00010000 00100000[0m
[0;32mI (75) boot: End of partition table[0m
[0;32mI (79) esp_image: segment 0: paddr=00010020 vaddr=3f400020 size=1cf4ch (118604) map[0m
[0;32mI (128) esp_image: segment 1: paddr=0002cf74 vaddr=3ffb0000 size=030a4h ( 12452) load[0m
[0;32mI (133) esp_image: segment 2: paddr=00030020 vaddr=400d0020 size=8f488h (586888) map[0m
[0;32mI (343) esp_image: segment 3: paddr=000bf4b0 vaddr=3ffb30a4 size=01518h (  5400) load[0m
[0;32mI (345) esp_image: segment 4: paddr=000c09d0 vaddr=40080000 size=15ed8h ( 89816) load[0m
[0;32mI (383) esp_image: segment 5: paddr=000d68b0 vaddr=50000000 size=00028h (    40) load[0m
[0;32mI (395) boot: Loaded app from partition at offset 0x10000[0m
[0;32mI (395) boot: Disabling RNG early entropy source...[0m
[0;32mI (405) cpu_start: Multicore app[0m
[0;32mI (413) cpu_start: GPIO 3 and 1 are used as console UART I/O pins[0m
[0;32mI (414) cpu_start: Pro cpu start user code[0m
[0;32mI (414) cpu_start: cpu freq: 160000000 Hz[0m
[0;32mI (416) app_init: Application information:[0m
[0;32mI (419) app_init: Project name:     pisdrsl[0m
[0;32mI (423) app_init: App version:      1[0m
[0;32mI (427) app_init: Compile time:     May 25 2026 21:07:46[0m
[0;32mI (432) app_init: ELF file SHA256:  3fed37edb...[0m
[0;32mI (436) app_init: ESP-IDF:          v6.0.1[0m
[0;32mI (440) efuse_init: Min chip rev:     v0.0[0m
[0;32mI (444) efuse_init: Max chip rev:     v3.99 [0m
[0;32mI (448) efuse_init: Chip rev:         v3.1[0m
[0;32mI (452) heap_init: Initializing. RAM available for dynamic allocation:[0m
[0;32mI (458) heap_init: At 3FFAE6E0 len 00001920 (6 KiB): DRAM[0m
[0;32mI (463) heap_init: At 3FFB8AD8 len 00027528 (157 KiB): DRAM[0m
[0;32mI (468) heap_init: At 3FFE0440 len 00003AE0 (14 KiB): D/IRAM[0m
[0;32mI (473) heap_init: At 3FFE4350 len 0001BCB0 (111 KiB): D/IRAM[0m
[0;32mI (479) heap_init: At 40095ED8 len 0000A128 (40 KiB): IRAM[0m
[0;33mW (485) spi_flash: Detected boya flash chip but using generic driver. For optimal functionality, enable `SPI_FLASH_SUPPORT_BOYA_CHIP` in menuconfig[0m
[0;32mI (497) spi_flash: detected chip: generic[0m
[0;32mI (501) spi_flash: flash io: dio[0m
[0;33mW (504) spi_flash: Detected size(4096k) larger than the size in the binary image header(2048k). Using the size in the binary image header.[0m
[0;32mI (518) main_task: Started on CPU0[0m
[0;32mI (520) main_task: Calling app_main()[0m
[0;32mI (522) PISDRSL: =========================================[0m
[0;32mI (527) PISDRSL:  PISDRSL · ESP32 IDF v5 · Ts = 10 ms   [0m
[0;32mI (533) PISDRSL:  Telemetria: UDP broadcast puerto 5005    [0m
[0;32mI (538) PISDRSL: =========================================[0m
[0;32mI (774) PISDRSL: MPU6050 OK[0m
[0;32mI (775) PISDRSL: Encoders PCNT OK (cuadratura 4x, filtro 1µs)[0m
[1;31mE (778) ledc: requested frequency 20000 and duty resolution 13 can not be achieved, try reducing freq_hz or duty_resolution. div_param=0[0m
ESP_ERROR_CHECK failed: esp_err_t 0xffffffff (ESP_FAIL) at 0x400dc380
file: "./main/main.c" line 518
func: hw_ledc_init
expression: ledc_timer_config(&tmr)

abort() was called at PC 0x40089fab on core 0


Backtrace: 0x4008a051:0x3ffbc000 0x4008a019:0x3ffbc020 0x40089c3d:0x3ffbc040 0x40089fab:0x3ffbc0b0 0x400dc380:0x3ffbc0e0 0x400dc7f5:0x3ffbc170 0x400d5bee:0x3ffbc1c0 0x4015b4ba:0x3ffbc1f0




ELF file SHA256: 3fed37edb

Rebooting...
ets Jul 29 2019 12:21:46

rst:0xc (SW_CPU_RESET),boot:0x13 (SPI_FAST_FLASH_BOOT)
configsip: 0, SPIWP:0xee
clk_drv:0x00,q_drv:0x00,d_drv:0x00,cs0_drv:0x00,hd_drv:0x00,wp_drv:0x00
mode:DIO, clock div:2
load:0x3fff0040,len:6272
load:0x40078000,len:15848
load:0x40080400,len:3920
entry 0x40080644
[0;32mI (27) boot: ESP-IDF v6.0.1 2nd stage bootloader[0m
[0;32mI (27) boot: compile time May 25 2026 21:08:02[0m
