Command: C:\Espressif\tools\python\v6.0.1\venv\Scripts\python.exe C:\esp\v6.0.1\esp-idf\tools/idf_monitor.py -p COM3 -b 115200 --toolchain-prefix xtensa-esp32-elf- --target esp32 --revision 0 C:\Users\luis_\Documents\PISDRRSLCODE\build\pisdrsl.elf C:\Users\luis_\Documents\PISDRRSLCODE\build\bootloader\bootloader.elf --force-color -m 'C:\Espressif\tools\python\v6.0.1\venv\Scripts\python.exe' 'C:\esp\v6.0.1\esp-idf\tools\idf.py'
9 2019 12:21:46

rst:0x1 (POWERON_RESET),boot:0x13 (SPI_FAST_FLASH_BOOT)
configsip: 0, SPIWP:0xee
clk_drv:0x00,q_drv:0x00,d_drv:0x00,cs0_drv:0x00,hd_drv:0x00,wp_drv:0x00
mode:DIO, clock div:2
load:0x3fff0040,len:6272
load:0x�ets Jul 29 2019 12:21:46

rst:0x1 (POWERON_RESET),boot:0x13 (SPI_FAST_FLASH_BOOT)
configsip: 0, SPIWP:0xee
clk_drv:0x00,q_drv:0x00,d_drv:0x00,cs0_drv:0x00,hd_drv:0x00,wp_drv:0x00
mode:DIO, clock div:2
load:0x3fff0040,len:6272
load:0x40078000,len:15848
load:0x40080400,len:3920
entry 0x40080644
[0;32mI (27) boot: ESP-IDF v6.0.1 2nd stage bootloader[0m
[0;32mI (27) boot: compile time May 25 2026 21:08:02[0m
[0;32mI (28) boot: Multicore bootloader[0m
[0;32mI (29) boot: chip revision: v3.1[0m
[0;32mI (32) boot.esp32: SPI Speed      : 40MHz[0m
[0;32mI (35) boot.esp32: SPI Mode       : DIO[0m
[0;32mI (39) boot.esp32: SPI Flash Size : 2MB[0m
[0;32mI (42) boot: Enabling RNG early entropy source...[0m
[0;32mI (47) boot: Partition Table:[0m
[0;32mI (49) boot: ## Label            Usage          Type ST Offset   Length[0m
[0;32mI (56) boot:  0 nvs              WiFi data        01 02 00009000 00006000[0m
[0;32mI (62) boot:  1 phy_init         RF data          01 01 0000f000 00001000[0m
[0;32mI (69) boot:  2 factory          factory app      00 00 00010000 00100000[0m
[0;32mI (75) boot: End of partition table[0m
[0;32mI (79) esp_image: segment 0: paddr=00010020 vaddr=3f400020 size=1c434h (115764) map[0m
[0;32mI (127) esp_image: segment 1: paddr=0002c45c vaddr=3ffb0000 size=03bbch ( 15292) load[0m
[0;32mI (134) esp_image: segment 2: paddr=00030020 vaddr=400d0020 size=8eb10h (584464) map[0m
[0;32mI (342) esp_image: segment 3: paddr=000beb38 vaddr=3ffb3bbc size=00a10h (  2576) load[0m
[0;32mI (343) esp_image: segment 4: paddr=000bf550 vaddr=40080000 size=16094h ( 90260) load[0m
[0;32mI (383) esp_image: segment 5: paddr=000d55ec vaddr=50000000 size=00028h (    40) load[0m
[0;32mI (394) boot: Loaded app from partition at offset 0x10000[0m
[0;32mI (394) boot: Disabling RNG early entropy source...[0m
[0;32mI (405) cpu_start: Multicore app[0m
[0;32mI (413) cpu_start: GPIO 3 and 1 are used as console UART I/O pins[0m
[0;32mI (413) cpu_start: Pro cpu start user code[0m
[0;32mI (413) cpu_start: cpu freq: 160000000 Hz[0m
[0;32mI (415) app_init: Application information:[0m
[0;32mI (419) app_init: Project name:     pisdrsl[0m
[0;32mI (423) app_init: App version:      1[0m
[0;32mI (426) app_init: Compile time:     May 25 2026 21:07:46[0m
[0;32mI (431) app_init: ELF file SHA256:  403d8dc1c...[0m
[0;32mI (436) app_init: ESP-IDF:          v6.0.1[0m
[0;32mI (439) efuse_init: Min chip rev:     v0.0[0m
[0;32mI (443) efuse_init: Max chip rev:     v3.99 [0m
[0;32mI (447) efuse_init: Chip rev:         v3.1[0m
[0;32mI (451) heap_init: Initializing. RAM available for dynamic allocation:[0m
[0;32mI (457) heap_init: At 3FFAE6E0 len 00001920 (6 KiB): DRAM[0m
[0;32mI (462) heap_init: At 3FFB8B08 len 000274F8 (157 KiB): DRAM[0m
[0;32mI (468) heap_init: At 3FFE0440 len 00003AE0 (14 KiB): D/IRAM[0m
[0;32mI (473) heap_init: At 3FFE4350 len 0001BCB0 (111 KiB): D/IRAM[0m
[0;32mI (479) heap_init: At 40096094 len 00009F6C (39 KiB): IRAM[0m
[0;33mW (485) spi_flash: Detected boya flash chip but using generic driver. For optimal functionality, enable `SPI_FLASH_SUPPORT_BOYA_CHIP` in menuconfig[0m
[0;32mI (497) spi_flash: detected chip: generic[0m
[0;32mI (500) spi_flash: flash io: dio[0m
[0;33mW (503) spi_flash: Detected size(4096k) larger than the size in the binary image header(2048k). Using the size in the binary image header.[0m
[0;32mI (517) main_task: Started on CPU0[0m
[0;32mI (519) main_task: Calling app_main()[0m
[0;32mI (521) PISDRSL: === PISDRSL — ESP32 + FreeRTOS ===[0m
[0;32mI (526) PISDRSL: NR=44  calpha=0.210  tauM=0.30[0m
[0;32mI (530) PISDRSL: kpi=0.00  kdi=0.00  kpv=0.00  kiv=0.00[0m
[0;32mI (539) PISDRSL: Hardware OK[0m
[0;32mI (761) PISDRSL: MPU6050 OK[0m
[0;32mI (801) wifi:wifi driver task: 3ffc337c, prio:23, stack:6656, core=0[0m
[0;32mI (821) wifi:wifi firmware version: b37c951[0m
[0;32mI (822) wifi:wifi certification version: v7.0[0m
[0;32mI (822) wifi:config NVS flash: enabled[0m
[0;32mI (822) wifi:config nano formatting: disabled[0m
[0;32mI (826) wifi:Init data frame dynamic rx buffer num: 32[0m
[0;32mI (831) wifi:Init static rx mgmt buffer num: 5[0m
[0;32mI (835) wifi:Init management short buffer num: 32[0m
[0;32mI (840) wifi:Init dynamic tx buffer num: 32[0m
[0;32mI (844) wifi:Init static rx buffer size: 1600[0m
[0;32mI (848) wifi:Init static rx buffer num: 10[0m
[0;32mI (851) wifi:Init dynamic rx buffer num: 32[0m
[0;32mI (857) wifi_init: rx ba win: 6[0m
[0;32mI (858) wifi_init: accept mbox: 6[0m
[0;32mI (861) wifi_init: tcpip mbox: 32[0m
[0;32mI (864) wifi_init: udp mbox: 6[0m
[0;32mI (867) wifi_init: tcp mbox: 6[0m
[0;32mI (870) wifi_init: tcp tx win: 5760[0m
[0;32mI (873) wifi_init: tcp rx win: 5760[0m
[0;32mI (876) wifi_init: tcp mss: 1440[0m
[0;32mI (879) wifi_init: WiFi IRAM OP enabled[0m
[0;32mI (883) wifi_init: WiFi RX IRAM OP enabled[0m
[0;33mW (888) wifi:Password length matches WPA2 standards, authmode threshold changes from OPEN to WPA2[0m
[0;32mI (896) phy_init: phy_version 4863,a3a4459,Oct 28 2025,14:30:06[0m
[0;32mI (983) wifi:mode : sta (00:70:07:1c:43:34)[0m
[0;32mI (984) wifi:enable tsf[0m
[0;32mI (997) wifi:new:<1,0>, old:<1,0>, ap:<255,255>, sta:<1,0>, prof:1, snd_ch_cfg:0x0[0m
[0;32mI (998) wifi:state: init -> auth (0xb0)[0m
[0;32mI (1015) wifi:state: auth -> assoc (0x0)[0m
[0;32mI (1033) wifi:state: assoc -> run (0x10)[0m
[0;32mI (1053) wifi:connected with WHZ_QW, aid = 4, channel 1, BW20, bssid = e8:65:d4:b0:bd:90[0m
[0;32mI (1053) wifi:security: WPA2-PSK, phy: bgn, rssi: -53, cipher(pairwise:0x3, group:0x3), pmf:0[0m
[0;32mI (1062) wifi:pm start, type: 1[0m

[0;32mI (1062) wifi:dp: 1, bi: 102400, li: 3, scale listen interval from 307200 us to 307200 us[0m
[0;32mI (1095) wifi:AP's beacon interval = 102400 us, DTIM period = 1[0m
[0;32mI (1203) wifi:<ba-add>idx:0 (ifx:0, e8:65:d4:b0:bd:90), tid:0, ssn:2, winSize:64[0m
[0;32mI (1261) PISDRSL: Control activo — 100 Hz[0m
[0;32mI (1753) PISDRSL: a=-30.8° v=0.000 wl=-0.00 wr=0.00 ul=0.00 ur=0.00[0m
[0;32mI (2253) PISDRSL: a=-45.4° v=0.000 wl=-0.00 wr=0.00 ul=0.00 ur=0.00[0m
[0;32mI (2753) PISDRSL: a=-56.8° v=0.000 wl=-0.00 wr=0.00 ul=0.00 ur=0.00[0m
[0;32mI (2816) esp_netif_handlers: sta ip: 192.168.1.71, mask: 255.255.255.0, gw: 192.168.1.254[0m
[0;32mI (2817) PISDRSL: WiFi OK — IP: 192.168.1.71[0m
[0;32mI (2819) PISDRSL: UDP listo → 192.168.1.79:5005[0m
[0;32mI (2826) PISDRSL: Sistema listo. Monitor: python monitor/monitor.py[0m
[0;32mI (2829) main_task: Returned from app_main()[0m
[0;32mI (3254) PISDRSL: a=-65.7° v=0.000 wl=-0.00 wr=0.00 ul=0.00 ur=0.00[0m
[0;32mI (3754) PISDRSL: a=-72.6° v=0.000 wl=-0.00 wr=0.00 ul=0.00 ur=0.00[0m
[0;32mI (4254) PISDRSL: a=-77.9° v=0.000 wl=-0.00 wr=0.00 ul=0.00 ur=0.00[0m
[0;32mI (419735) PISDRSL: a=-65.7° v=0.000 wl=-0.00 wr=0.00 ul=0.00 ur=0.00[0m
[0;32mI (420234) PISDRSL: a=-33.6° v=0.000 wl=-0.00 wr=0.00 ul=0.00 ur=0.00[0m
[0;32mI (420733) PISDRSL: a=-6.8° v=0.000 wl=-0.00 wr=0.00 ul=0.00 ur=0.00[0m
[0;32mI (421234) PISDRSL: a=6.6° v=0.000 wl=-0.00 wr=0.00 ul=0.00 ur=0.00[0m
[0;32mI (421734) PISDRSL: a=15.8° v=0.000 wl=-0.00 wr=0.00 ul=0.00 ur=0.00[0m
[0;32mI (422234) PISDRSL: a=33.2° v=0.000 wl=-0.00 wr=0.00 ul=0.00 ur=0.00[0m
[0;32mI (422734) PISDRSL: a=70.5° v=0.000 wl=-0.00 wr=0.00 ul=0.00 ur=0.00[0m
[0;32mI (423234) PISDRSL: a=49.1° v=0.000 wl=-0.00 wr=0.00 ul=0.00 ur=0.00[0m
[0;32mI (423734) PISDRSL: a=-19.5° v=0.000 wl=-0.00 wr=0.00 ul=-0.00 ur=0.00[0m
[0;32mI (424234) PISDRSL: a=-50.5° v=0.000 wl=-0.00 wr=0.00 ul=-0.00 ur=0.00[0m
[0;32mI (424734) PISDRSL: a=-35.6° v=0.000 wl=-0.00 wr=0.00 ul=0.00 ur=0.00[0m
[0;32mI (425234) PISDRSL: a=26.4° v=0.000 wl=-0.00 wr=0.00 ul=0.00 ur=0.00[0m
[0;32mI (425734) PISDRSL: a=49.1° v=0.000 wl=-0.00 wr=0.00 ul=0.00 ur=0.00[0m
[0;32mI (426234) PISDRSL: a=28.5° v=0.000 wl=-0.00 wr=0.00 ul=0.00 ur=0.00[0m
[0;32mI (426734) PISDRSL: a=-20.9° v=0.000 wl=-0.00 wr=0.00 ul=-0.00 ur=0.00[0m
[0;32mI (427234) PISDRSL: a=-63.3° v=0.000 wl=-0.00 wr=0.00 ul=-0.00 ur=0.00[0m
[0;32mI (427734) PISDRSL: a=-50.7° v=0.000 wl=-0.00 wr=0.00 ul=0.00 ur=0.00[0m
[0;32mI (428236) PISDRSL: a=19.7° v=0.000 wl=-0.00 wr=0.00 ul=0.00 ur=0.00[0m
[0;32mI (428733) PISDRSL: a=35.8° v=0.000 wl=-0.00 wr=0.00 ul=0.00 ur=0.00[0m
[0;32mI (429234) PISDRSL: a=14.1° v=0.000 wl=-0.00 wr=0.00 ul=0.00 ur=0.00[0m
[0;32mI (429734) PISDRSL: a=-49.0° v=0.000 wl=-0.00 wr=0.00 ul=-0.00 ur=0.00[0m
[0;32mI (430234) PISDRSL: a=-76.3° v=0.000 wl=-0.00 wr=0.00 ul=-0.00 ur=0.00[0m
[0;32mI (430734) PISDRSL: a=-59.5° v=0.000 wl=-0.00 wr=0.00 ul=0.00 ur=0.00[0m
[0;32mI (431234) PISDRSL: a=-16.5° v=0.000 wl=-0.00 wr=0.00 ul=0.00 ur=0.00[0m
[0;32mI (431734) PISDRSL: a=36.8° v=0.000 wl=-0.00 wr=0.00 ul=0.00 ur=0.00[0m
[0;32mI (432234) PISDRSL: a=21.2° v=0.000 wl=-0.00 wr=0.00 ul=0.00 ur=0.00[0m
[0;32mI (432734) PISDRSL: a=-43.0° v=0.000 wl=-0.00 wr=0.00 ul=-0.00 ur=0.00[0m
[0;32mI (433234) PISDRSL: a=-51.6° v=0.000 wl=-0.00 wr=0.00 ul=0.00 ur=0.00[0m
[0;32mI (433734) PISDRSL: a=-22.3° v=0.000 wl=-0.00 wr=0.00 ul=0.00 ur=0.00[0m
[0;32mI (434234) PISDRSL: a=41.6° v=0.000 wl=-0.00 wr=0.00 ul=0.00 ur=0.00[0m
[0;32mI (434734) PISDRSL: a=26.3° v=0.000 wl=-0.00 wr=0.00 ul=0.00 ur=0.00[0m
[0;32mI (435234) PISDRSL: a=4.9° v=0.000 wl=-0.00 wr=0.00 ul=0.00 ur=0.00[0m
[0;32mI (435734) PISDRSL: a=2.5° v=0.000 wl=-0.00 wr=0.00 ul=0.00 ur=0.00[0m
[0;32mI (436234) PISDRSL: a=8.3° v=0.000 wl=-0.00 wr=0.00 ul=0.00 ur=0.00[0m
[0;32mI (436734) PISDRSL: a=-8.5° v=0.000 wl=-0.00 wr=0.00 ul=-0.00 ur=0.00[0m
[0;32mI (437234) PISDRSL: a=-11.9° v=0.000 wl=-0.00 wr=0.00 ul=-0.00 ur=0.00[0m
[0;32mI (437734) PISDRSL: a=-31.4° v=0.000 wl=-0.00 wr=0.00 ul=-0.00 ur=0.00[0m
[0;32mI (438234) PISDRSL: a=-46.1° v=0.000 wl=-0.00 wr=0.00 ul=-0.00 ur=0.00[0m
[0;32mI (438734) PISDRSL: a=-57.5° v=0.000 wl=-0.00 wr=0.00 ul=-0.00 ur=0.00[0m
[0;32mI (439234) PISDRSL: a=-66.4° v=0.000 wl=-0.00 wr=0.00 ul=-0.00 ur=0.00[0m
[0;32mI (439734) PISDRSL: a=-73.3° v=0.000 wl=-0.00 wr=0.00 ul=-0.00 ur=0.00[0m
[0;32mI (440234) PISDRSL: a=-78.7° v=0.000 wl=-0.00 wr=0.00 ul=-0.00 ur=0.00[0m
[0;32mI (489764) PISDRSL: a=-71.9° v=0.000 wl=-0.00 wr=0.00 ul=0.00 ur=0.00[0m
[0;32mI (490264) PISDRSL: a=-58.9° v=0.000 wl=-0.00 wr=0.00 ul=0.00 ur=0.00[0m
[0;32mI (490764) PISDRSL: a=-24.9° v=0.000 wl=-0.00 wr=0.00 ul=0.00 ur=0.00[0m
[0;32mI (491264) PISDRSL: a=-33.0° v=0.000 wl=-0.00 wr=0.00 ul=-0.00 ur=0.00[0m
OOT)
configsip: 0, SPIWP:0xee
clk_drv:0x00,q_drv:0x00,d_drv:0x00,cs0_drv:0x00,hd_drv:0x00,wp_drv:0x00
mode:DIO, clock div:2
load:0x3fff0040,len:6272
load:0x40078000,len:15848
load:0x40080400,len:3920
entry 0x40080644
[0;32mI (27) boot: ESP-IDF v6.0.1 2nd stage bootloader[0m
[0;32mI (27) boot: compile time May 25 2026 21:08:02[0m
[0;32mI (28) boot: Multicore bootloader[0m
[0;32mI (29) boot: chip revision: v3.1[0m
[0;32mI (32) boot.esp32: SPI Speed      : 40MHz[0m
[0;32mI (35) boot.esp32: SPI Mode       : DIO[0m
[0;32mI (39) boot.esp32: SPI Flash Size : 2MB[0m
[0;32mI (42) boot: Enabling RNG early entropy source...[0m
[0;32mI (47) boot: Partition Table:[0m
[0;32mI (49) boot: ## Label            Usage          Type ST Offset   Length[0m
[0;32mI (56) boot:  0 nvs              WiFi data        01 02 00009000 00006000[0m
[0;32mI (62) boot:  1 phy_init         RF data          01 01 0000f000 00001000[0m
[0;32mI (69) boot:  2 factory          factory app      00 00 00010000 00100000[0m
[0;32mI (75) boot: End of partition table[0m
[0;32mI (79) esp_image: segment 0: paddr=00010020 vaddr=3f400020 size=1c434h (115764) map[0m
[0;32mI (127) esp_image: segment 1: paddr=0002c45c vaddr=3ffb0000 size=03bbch ( 15292) load[0m
[0;32mI (134) esp_image: segment 2: paddr=00030020 vaddr=400d0020 size=8eb10h (584464) map[0m
[0;32mI (342) esp_image: segment 3: paddr=000beb38 vaddr=3ffb3bbc size=00a10h (  2576) load[0m
[0;32mI (343) esp_image: segment 4: paddr=000bf550 vaddr=40080000 size=16094h ( 90260) load[0m
[0;32mI (383) esp_image: segment 5: paddr=000d55ec vaddr=50000000 size=00028h (    40) load[0m
[0;32mI (394) boot: Loaded app from partition at offset 0x10000[0m
[0;32mI (394) boot: Disabling RNG early entropy source...[0m
[0;32mI (405) cpu_start: Multicore app[0m
[0;32mI (413) cpu_start: GPIO 3 and 1 are used as console UART I/O pins[0m
[0;32mI (413) cpu_start: Pro cpu start user code[0m
[0;32mI (413) cpu_start: cpu freq: 160000000 Hz[0m
[0;32mI (415) app_init: Application information:[0m
[0;32mI (419) app_init: Project name:     pisdrsl[0m
[0;32mI (423) app_init: App version:      1[0m
[0;32mI (426) app_init: Compile time:     May 25 2026 21:07:46[0m
[0;32mI (431) app_init: ELF file SHA256:  403d8dc1c...[0m
[0;32mI (436) app_init: ESP-IDF:          v6.0.1[0m
[0;32mI (439) efuse_init: Min chip rev:     v0.0[0m
[0;32mI (443) efuse_init: Max chip rev:     v3.99 [0m
[0;32mI (447) efuse_init: Chip rev:         v3.1[0m
[0;32mI (451) heap_init: Initializing. RAM available for dynamic allocation:[0m
[0;32mI (457) heap_init: At 3FFAE6E0 len 00001920 (6 KiB): DRAM[0m
[0;32mI (462) heap_init: At 3FFB8B08 len 000274F8 (157 KiB): DRAM[0m
[0;32mI (468) heap_init: At 3FFE0440 len 00003AE0 (14 KiB): D/IRAM[0m
[0;32mI (473) heap_init: At 3FFE4350 len 0001BCB0 (111 KiB): D/IRAM[0m
[0;32mI (479) heap_init: At 40096094 len 00009F6C (39 KiB): IRAM[0m
[0;33mW (485) spi_flash: Detected boya flash chip but using generic driver. For optimal functionality, enable `SPI_FLASH_SUPPORT_BOYA_CHIP` in menuconfig[0m
[0;32mI (497) spi_flash: detected chip: generic[0m
[0;32mI (500) spi_flash: flash io: dio[0m
[0;33mW (503) spi_flash: Detected size(4096k) larger than the size in the binary image header(2048k). Using the size in the binary image header.[0m
[0;32mI (517) main_task: Started on CPU0[0m
[0;32mI (519) main_task: Calling app_main()[0m
[0;32mI (521) PISDRSL: === PISDRSL — ESP32 + FreeRTOS ===[0m
[0;32mI (526) PISDRSL: NR=44  calpha=0.210  tauM=0.30[0m
[0;32mI (530) PISDRSL: kpi=0.00  kdi=0.00  kpv=0.00  kiv=0.00[0m
[0;32mI (539) PISDRSL: Hardware OK[0m
[0;32mI (761) PISDRSL: MPU6050 OK[0m
[0;32mI (801) wifi:wifi driver task: 3ffc337c, prio:23, stack:6656, core=0[0m
[0;32mI (821) wifi:wifi firmware version: b37c951[0m
[0;32mI (822) wifi:wifi certification version: v7.0[0m
[0;32mI (822) wifi:config NVS flash: enabled[0m
[0;32mI (822) wifi:config nano formatting: disabled[0m
[0;32mI (826) wifi:Init data frame dynamic rx buffer num: 32[0m
[0;32mI (831) wifi:Init static rx mgmt buffer num: 5[0m
[0;32mI (835) wifi:Init management short buffer num: 32[0m
[0;32mI (840) wifi:Init dynamic tx buffer num: 32[0m
[0;32mI (844) wifi:Init static rx buffer size: 1600[0m
[0;32mI (848) wifi:Init static rx buffer num: 10[0m
[0;32mI (851) wifi:Init dynamic rx buffer num: 32[0m
[0;32mI (857) wifi_init: rx ba win: 6[0m
[0;32mI (858) wifi_init: accept mbox: 6[0m
[0;32mI (861) wifi_init: tcpip mbox: 32[0m
[0;32mI (864) wifi_init: udp mbox: 6[0m
[0;32mI (867) wifi_init: tcp mbox: 6[0m
[0;32mI (870) wifi_init: tcp tx win: 5760[0m
[0;32mI (873) wifi_init: tcp rx win: 5760[0m
[0;32mI (876) wifi_init: tcp mss: 1440[0m
[0;32mI (879) wifi_init: WiFi IRAM OP enabled[0m
[0;32mI (883) wifi_init: WiFi RX IRAM OP enabled[0m
[0;33mW (888) wifi:Password length matches WPA2 standards, authmode threshold changes from OPEN to WPA2[0m
[0;32mI (896) phy_init: phy_version 4863,a3a4459,Oct 28 2025,14:30:06[0m
[0;32mI (980) phy_init: Saving new calibration data due to checksum failure or outdated calibration data, mode(0)[0m
[0;32mI (998) wifi:mode : sta (00:70:07:1c:43:34)[0m
[0;32mI (998) wifi:enable tsf[0m
[0;32mI (1013) wifi:new:<1,0>, old:<1,0>, ap:<255,255>, sta:<1,0>, prof:1, snd_ch_cfg:0x0[0m
[0;32mI (1014) wifi:state: init -> auth (0xb0)[0m
[0;32mI (1019) wifi:state: auth -> assoc (0x0)[0m
[0;32mI (1038) wifi:state: assoc -> run (0x10)[0m
[0;32mI (1057) wifi:connected with WHZ_QW, aid = 4, channel 1, BW20, bssid = e8:65:d4:b0:bd:90[0m
[0;32mI (1058) wifi:security: WPA2-PSK, phy: bgn, rssi: -50, cipher(pairwise:0x3, group:0x3), pmf:0[0m
[0;32mI (1067) wifi:pm start, type: 1[0m

[0;32mI (1067) wifi:dp: 1, bi: 102400, li: 3, scale listen interval from 307200 us to 307200 us[0m
[0;32mI (1113) wifi:AP's beacon interval = 102400 us, DTIM period = 1[0m
[0;32mI (1261) PISDRSL: Control activo — 100 Hz[0m
[0;32mI (1615) wifi:<ba-add>idx:0 (ifx:0, e8:65:d4:b0:bd:90), tid:0, ssn:2, winSize:64[0m
[0;32mI (1753) PISDRSL: a=-18.6° v=0.000 wl=-0.00 wr=0.00 ul=0.00 ur=0.00[0m
[0;32mI (2253) PISDRSL: a=-36.0° v=0.000 wl=-0.00 wr=0.00 ul=0.00 ur=0.00[0m
[0;32mI (2634) esp_netif_handlers: sta ip: 192.168.1.71, mask: 255.255.255.0, gw: 192.168.1.254[0m
[0;32mI (2635) PISDRSL: WiFi OK — IP: 192.168.1.71[0m
[0;32mI (2637) PISDRSL: UDP listo → 192.168.1.79:5005[0m
[0;32mI (2642) PISDRSL: Sistema listo. Monitor: python monitor/monitor.py[0m
[0;32mI (2647) main_task: Returned from app_main()[0m
[0;32mI (2754) PISDRSL: a=-49.5° v=0.000 wl=-0.00 wr=0.00 ul=0.00 ur=0.00[0m
[0;32mI (3254) PISDRSL: a=-60.0° v=0.000 wl=-0.00 wr=0.00 ul=0.00 ur=0.00[0m
[0;32mI (3753) PISDRSL: a=-68.2° v=0.000 wl=-0.00 wr=0.00 ul=0.00 ur=0.00[0m
[0;32mI (4254) PISDRSL: a=-74.6° v=0.000 wl=-0.00 wr=0.00 ul=0.00 ur=0.00[0m
[0;32mI (4754) PISDRSL: a=-79.5° v=0.000 wl=-0.00 wr=0.00 ul=0.00 ur=0.00[0m
