Command: C:\Espressif\tools\python\v6.0.1\venv\Scripts\python.exe C:\esp\v6.0.1\esp-idf\tools/idf_monitor.py -p COM3 -b 115200 --toolchain-prefix xtensa-esp32-elf- --target esp32 --revision 0 C:\Users\luis_\Documents\PISDRRSLCODE\build\pisdrsl.elf C:\Users\luis_\Documents\PISDRRSLCODE\build\bootloader\bootloader.elf --force-color -m 'C:\Espressif\tools\python\v6.0.1\venv\Scripts\python.exe' 'C:\esp\v6.0.1\esp-idf\tools\idf.py'
0x1 (POWERON_RESET),boot:0x13 (SPI_FAST_FLASH_BOOT)
configsip: 0, SPIWP:0xee
clk_drv:0x00,q_drv:0x00,d_drv:0x00,cs0_drv:0x00,hd_drv:0�ets Jul 29 2019 12:21:46

rst:0x1 (POWERON_RESET),boot:0x13 (SPI_FAST_FLASH_BOOT)
configsip: 0, SPIWP:0xee
clk_drv:0x00,q_drv:0x00,d_drv:0x00,cs0_drv:0x00,hd_drv:0x00,wp_drv:0x00
mode:DIO, clock div:2
load:0x3fff0040,len:6272
load:0x40078000,len:15848
load:0x40080400,len:3920
entry 0x40080644
[0;32mI (27) boot: ESP-IDF v6.0.1 2nd stage bootloader[0m
[0;32mI (27) boot: compile time May 26 2026 01:10:29[0m
[0;32mI (28) boot: Multicore bootloader[0m
[0;32mI (29) boot: chip revision: v3.1[0m
[0;32mI (32) boot.esp32: SPI Speed      : 40MHz[0m
[0;32mI (35) boot.esp32: SPI Mode       : DIO[0m
[0;32mI (39) boot.esp32: SPI Flash Size : 2MB[0m
[0;32mI (42) boot: Enabling RNG early entropy source...[0m
[0;32mI (47) boot: Partition Table:[0m
[0;32mI (49) boot: ## Label            Usage          Type ST Offset   Length[0m
[0;32mI (56) boot:  0 nvs              WiFi data        01 02 00009000 00006000[0m
[0;32mI (62) boot:  1 phy_init         RF data          01 01 0000f000 00001000[0m
[0;32mI (69) boot:  2 factory          factory app      00 00 00010000 00100000[0m
[0;32mI (75) boot: End of partition table[0m
[0;32mI (79) esp_image: segment 0: paddr=00010020 vaddr=3f400020 size=1c434h (115764) map[0m
[0;32mI (127) esp_image: segment 1: paddr=0002c45c vaddr=3ffb0000 size=03bbch ( 15292) load[0m
[0;32mI (134) esp_image: segment 2: paddr=00030020 vaddr=400d0020 size=8ebe8h (584680) map[0m
[0;32mI (342) esp_image: segment 3: paddr=000bec10 vaddr=3ffb3bbc size=00a10h (  2576) load[0m
[0;32mI (343) esp_image: segment 4: paddr=000bf628 vaddr=40080000 size=16094h ( 90260) load[0m
[0;32mI (383) esp_image: segment 5: paddr=000d56c4 vaddr=50000000 size=00028h (    40) load[0m
[0;32mI (394) boot: Loaded app from partition at offset 0x10000[0m
[0;32mI (394) boot: Disabling RNG early entropy source...[0m
[0;32mI (405) cpu_start: Multicore app[0m
[0;32mI (413) cpu_start: GPIO 3 and 1 are used as console UART I/O pins[0m
[0;32mI (413) cpu_start: Pro cpu start user code[0m
[0;32mI (413) cpu_start: cpu freq: 160000000 Hz[0m
[0;32mI (415) app_init: Application information:[0m
[0;32mI (419) app_init: Project name:     pisdrsl[0m
[0;32mI (423) app_init: App version:      df2885e-dirty[0m
[0;32mI (427) app_init: Compile time:     May 26 2026 01:10:09[0m
[0;32mI (432) app_init: ELF file SHA256:  92be9e78d...[0m
[0;32mI (437) app_init: ESP-IDF:          v6.0.1[0m
[0;32mI (440) efuse_init: Min chip rev:     v0.0[0m
[0;32mI (444) efuse_init: Max chip rev:     v3.99 [0m
[0;32mI (448) efuse_init: Chip rev:         v3.1[0m
[0;32mI (452) heap_init: Initializing. RAM available for dynamic allocation:[0m
[0;32mI (459) heap_init: At 3FFAE6E0 len 00001920 (6 KiB): DRAM[0m
[0;32mI (463) heap_init: At 3FFB8B08 len 000274F8 (157 KiB): DRAM[0m
[0;32mI (469) heap_init: At 3FFE0440 len 00003AE0 (14 KiB): D/IRAM[0m
[0;32mI (474) heap_init: At 3FFE4350 len 0001BCB0 (111 KiB): D/IRAM[0m
[0;32mI (480) heap_init: At 40096094 len 00009F6C (39 KiB): IRAM[0m
[0;33mW (486) spi_flash: Detected boya flash chip but using generic driver. For optimal functionality, enable `SPI_FLASH_SUPPORT_BOYA_CHIP` in menuconfig[0m
[0;32mI (498) spi_flash: detected chip: generic[0m
[0;32mI (501) spi_flash: flash io: dio[0m
[0;33mW (504) spi_flash: Detected size(4096k) larger than the size in the binary image header(2048k). Using the size in the binary image header.[0m
[0;32mI (518) main_task: Started on CPU0[0m
[0;32mI (520) main_task: Calling app_main()[0m
[0;32mI (522) PISDRSL: === PISDRSL — ESP32 + FreeRTOS ===[0m
[0;32mI (527) PISDRSL: NR=44  calpha=0.145  tauM=0.30[0m
[0;32mI (531) PISDRSL: kpi=0.00  kdi=0.00  kpv=0.00  kiv=0.00[0m
[0;32mI (540) PISDRSL: Hardware OK[0m
[0;32mI (761) PISDRSL: MPU6050 OK[0m
[0;32mI (801) wifi:wifi driver task: 3ffc337c, prio:23, stack:6656, core=0[0m
[0;32mI (822) wifi:wifi firmware version: b37c951[0m
[0;32mI (822) wifi:wifi certification version: v7.0[0m
[0;32mI (822) wifi:config NVS flash: enabled[0m
[0;32mI (823) wifi:config nano formatting: disabled[0m
[0;32mI (827) wifi:Init data frame dynamic rx buffer num: 32[0m
[0;32mI (832) wifi:Init static rx mgmt buffer num: 5[0m
[0;32mI (836) wifi:Init management short buffer num: 32[0m
[0;32mI (840) wifi:Init dynamic tx buffer num: 32[0m
[0;32mI (844) wifi:Init static rx buffer size: 1600[0m
[0;32mI (848) wifi:Init static rx buffer num: 10[0m
[0;32mI (852) wifi:Init dynamic rx buffer num: 32[0m
[0;32mI (857) wifi_init: rx ba win: 6[0m
[0;32mI (859) wifi_init: accept mbox: 6[0m
[0;32mI (862) wifi_init: tcpip mbox: 32[0m
[0;32mI (865) wifi_init: udp mbox: 6[0m
[0;32mI (867) wifi_init: tcp mbox: 6[0m
[0;32mI (870) wifi_init: tcp tx win: 5760[0m
[0;32mI (873) wifi_init: tcp rx win: 5760[0m
[0;32mI (877) wifi_init: tcp mss: 1440[0m
[0;32mI (880) wifi_init: WiFi IRAM OP enabled[0m
[0;32mI (883) wifi_init: WiFi RX IRAM OP enabled[0m
[0;33mW (888) wifi:Password length matches WPA2 standards, authmode threshold changes from OPEN to WPA2[0m
[0;32mI (896) phy_init: phy_version 4863,a3a4459,Oct 28 2025,14:30:06[0m
[0;32mI (983) wifi:mode : sta (00:70:07:1c:43:34)[0m
[0;32mI (984) wifi:enable tsf[0m
[0;32mI (998) wifi:new:<1,0>, old:<1,0>, ap:<255,255>, sta:<1,0>, prof:1, snd_ch_cfg:0x0[0m
[0;32mI (999) wifi:state: init -> auth (0xb0)[0m
[0;32mI (1017) wifi:state: auth -> assoc (0x0)[0m
[0;32mI (1037) wifi:state: assoc -> run (0x10)[0m
[0;32mI (1058) wifi:connected with WHZ_QW, aid = 4, channel 1, BW20, bssid = e8:65:d4:b0:bd:90[0m
[0;32mI (1059) wifi:security: WPA2-PSK, phy: bgn, rssi: -52, cipher(pairwise:0x3, group:0x3), pmf:0[0m
[0;32mI (1068) wifi:pm start, type: 1[0m

[0;32mI (1068) wifi:dp: 1, bi: 102400, li: 3, scale listen interval from 307200 us to 307200 us[0m
[0;32mI (1113) wifi:AP's beacon interval = 102400 us, DTIM period = 1[0m
[0;32mI (1261) PISDRSL: Control activo — 100 Hz[0m
[0;32mI (1427) wifi:<ba-add>idx:0 (ifx:0, e8:65:d4:b0:bd:90), tid:0, ssn:2, winSize:64[0m
[0;32mI (1752) PISDRSL: a=5.3° v=0.000 wl=-0.00 wr=0.00 ul=0.00 ur=0.00[0m
[0;32mI (2252) PISDRSL: a=2.4° v=0.000 wl=-0.00 wr=0.00 ul=0.00 ur=0.00[0m
[0;32mI (2733) esp_netif_handlers: sta ip: 192.168.1.71, mask: 255.255.255.0, gw: 192.168.1.254[0m
[0;32mI (2734) PISDRSL: WiFi OK — IP: 192.168.1.71[0m
[0;32mI (2736) PISDRSL: UDP listo → 192.168.1.79:5005[0m
[0;32mI (2740) PISDRSL: Sistema listo. Monitor: python monitor/monitor.py[0m
[0;32mI (2747) main_task: Returned from app_main()[0m
[0;32mI (2754) PISDRSL: a=-27.4° v=0.000 wl=-0.00 wr=0.00 ul=0.00 ur=0.00[0m
[0;32mI (3253) PISDRSL: a=-39.4° v=0.000 wl=-0.00 wr=0.00 ul=-0.00 ur=0.00[0m
[0;32mI (3753) PISDRSL: a=-44.5° v=0.000 wl=-0.00 wr=0.00 ul=0.00 ur=0.00[0m
[0;32mI (4253) PISDRSL: a=1.1° v=0.000 wl=-0.00 wr=0.00 ul=0.00 ur=0.00[0m
[0;32mI (4753) PISDRSL: a=40.0° v=0.000 wl=-0.00 wr=0.00 ul=0.00 ur=0.00[0m
[0;32mI (5253) PISDRSL: a=-2.8° v=0.000 wl=-0.00 wr=0.00 ul=0.00 ur=0.00[0m
[0;32mI (5753) PISDRSL: a=-4.5° v=0.000 wl=-0.00 wr=0.00 ul=-0.00 ur=0.00[0m
[0;32mI (6253) PISDRSL: a=-4.8° v=0.000 wl=-0.00 wr=0.00 ul=-0.00 ur=0.00[0m
[0;32mI (6753) PISDRSL: a=-4.9° v=0.000 wl=-0.00 wr=0.00 ul=-0.00 ur=0.00[0m
[0;32mI (7253) PISDRSL: a=1.3° v=0.000 wl=-0.00 wr=0.00 ul=0.00 ur=0.00[0m
[0;32mI (7753) PISDRSL: a=-0.4° v=0.000 wl=-0.00 wr=0.00 ul=0.00 ur=0.00[0m
[0;32mI (8253) PISDRSL: a=-0.1° v=0.000 wl=-0.00 wr=0.00 ul=0.00 ur=0.00[0m
[0;32mI (8753) PISDRSL: a=-0.5° v=0.000 wl=-0.00 wr=0.00 ul=0.00 ur=0.00[0m
[0;32mI (9253) PISDRSL: a=49.4° v=0.000 wl=-0.00 wr=0.00 ul=0.00 ur=0.00[0m
[0;32mI (9753) PISDRSL: a=50.1° v=0.000 wl=-0.00 wr=0.00 ul=0.00 ur=0.00[0m
[0;32mI (10253) PISDRSL: a=8.8° v=0.000 wl=-0.00 wr=0.00 ul=0.00 ur=0.00[0m
[0;32mI (10753) PISDRSL: a=6.1° v=0.000 wl=-0.00 wr=0.00 ul=0.00 ur=0.00[0m
[0;32mI (11253) PISDRSL: a=-8.7° v=0.000 wl=-0.00 wr=0.00 ul=0.00 ur=0.00[0m
[0;32mI (11753) PISDRSL: a=-0.5° v=0.000 wl=-0.00 wr=0.00 ul=0.00 ur=0.00[0m
[0;32mI (12253) PISDRSL: a=1.8° v=0.000 wl=-0.00 wr=0.00 ul=0.00 ur=0.00[0m
[0;32mI (12753) PISDRSL: a=-1.2° v=0.000 wl=-0.00 wr=0.00 ul=-0.00 ur=0.00[0m
[0;32mI (13253) PISDRSL: a=1.0° v=0.000 wl=-0.00 wr=0.00 ul=0.00 ur=0.00[0m
[0;32mI (13753) PISDRSL: a=7.8° v=0.000 wl=-0.00 wr=0.00 ul=0.00 ur=0.00[0m
[0;32mI (14253) PISDRSL: a=-9.2° v=0.000 wl=-0.00 wr=0.00 ul=-0.00 ur=0.00[0m
[0;32mI (14753) PISDRSL: a=5.7° v=0.000 wl=-0.00 wr=0.00 ul=0.00 ur=0.00[0m
[0;32mI (15253) PISDRSL: a=-1.0° v=0.000 wl=-0.00 wr=0.00 ul=0.00 ur=0.00[0m
[0;32mI (15753) PISDRSL: a=2.9° v=0.000 wl=-0.00 wr=0.00 ul=0.00 ur=0.00[0m
[0;32mI (16253) PISDRSL: a=8.8° v=0.000 wl=-0.00 wr=0.00 ul=0.00 ur=0.00[0m
[0;32mI (16753) PISDRSL: a=4.7° v=0.000 wl=-0.00 wr=0.00 ul=0.00 ur=0.00[0m
[0;32mI (17253) PISDRSL: a=1.6° v=0.000 wl=-0.00 wr=0.00 ul=0.00 ur=0.00[0m
[0;32mI (17753) PISDRSL: a=-2.6° v=0.000 wl=-0.00 wr=0.00 ul=0.00 ur=0.00[0m
[0;32mI (18253) PISDRSL: a=-2.1° v=0.000 wl=-0.00 wr=0.00 ul=-0.00 ur=0.00[0m
[0;32mI (18753) PISDRSL: a=0.1° v=0.000 wl=-0.00 wr=0.00 ul=0.00 ur=0.00[0m
[0;32mI (19253) PISDRSL: a=-0.5° v=0.000 wl=-0.00 wr=0.00 ul=0.00 ur=0.00[0m
[0;32mI (19754) PISDRSL: a=-1.0° v=0.000 wl=-0.00 wr=0.00 ul=0.00 ur=0.00[0m
[0;32mI (20253) PISDRSL: a=1.2° v=0.000 wl=-0.00 wr=0.00 ul=0.00 ur=0.00[0m
[0;32mI (20753) PISDRSL: a=3.3° v=0.000 wl=-0.00 wr=0.00 ul=0.00 ur=0.00[0m
[0;32mI (21253) PISDRSL: a=-3.1° v=0.000 wl=-0.00 wr=0.00 ul=0.00 ur=0.00[0m
[0;32mI (21753) PISDRSL: a=4.9° v=0.000 wl=-0.00 wr=0.00 ul=0.00 ur=0.00[0m
[0;32mI (22253) PISDRSL: a=6.9° v=0.000 wl=-0.00 wr=0.00 ul=0.00 ur=0.00[0m
[0;32mI (22753) PISDRSL: a=1.8° v=0.000 wl=-0.00 wr=0.00 ul=0.00 ur=0.00[0m
[0;32mI (23253) PISDRSL: a=3.1° v=0.000 wl=-0.00 wr=0.00 ul=0.00 ur=0.00[0m
[0;32mI (23753) PISDRSL: a=6.3° v=0.000 wl=-0.00 wr=0.00 ul=0.00 ur=0.00[0m
[0;32mI (24253) PISDRSL: a=-4.6° v=0.000 wl=-0.00 wr=0.00 ul=-0.00 ur=0.00[0m
[0;32mI (24753) PISDRSL: a=18.2° v=-0.040 wl=-2.38 wr=0.00 ul=-0.08 ur=0.00[0m
[0;32mI (25253) PISDRSL: a=-18.2° v=0.000 wl=-0.00 wr=0.00 ul=0.00 ur=0.00[0m
[0;32mI (25753) PISDRSL: a=10.8° v=0.000 wl=-0.00 wr=0.00 ul=0.00 ur=0.00[0m
[0;32mI (26253) PISDRSL: a=11.6° v=0.000 wl=-0.00 wr=0.00 ul=0.00 ur=0.00[0m
[0;32mI (26753) PISDRSL: a=8.6° v=0.000 wl=-0.00 wr=0.00 ul=0.00 ur=0.00[0m
[0;32mI (27253) PISDRSL: a=2.8° v=0.000 wl=-0.00 wr=0.00 ul=0.00 ur=0.00[0m
[0;32mI (27753) PISDRSL: a=22.9° v=0.000 wl=-0.00 wr=0.00 ul=0.00 ur=0.00[0m
[0;32mI (28254) PISDRSL: a=-0.0° v=0.000 wl=-0.00 wr=0.00 ul=-0.00 ur=0.00[0m
[0;32mI (28753) PISDRSL: a=-8.9° v=0.000 wl=-0.00 wr=0.00 ul=-0.00 ur=0.00[0m
[0;32mI (29253) PISDRSL: a=-5.0° v=0.000 wl=-0.00 wr=0.00 ul=-0.00 ur=0.00[0m
[0;32mI (29753) PISDRSL: a=-5.6° v=-0.005 wl=-0.30 wr=0.00 ul=-0.01 ur=0.00[0m
[0;32mI (30253) PISDRSL: a=-4.2° v=0.000 wl=-0.00 wr=0.00 ul=-0.00 ur=0.00[0m
[0;32mI (30753) PISDRSL: a=1.9° v=0.000 wl=-0.00 wr=0.00 ul=0.00 ur=0.00[0m
[0;32mI (31253) PISDRSL: a=11.9° v=0.000 wl=-0.00 wr=0.00 ul=0.00 ur=0.00[0m
[0;32mI (31753) PISDRSL: a=6.0° v=0.000 wl=-0.00 wr=0.00 ul=0.00 ur=0.00[0m
[0;32mI (32253) PISDRSL: a=9.9° v=0.000 wl=-0.00 wr=0.00 ul=0.00 ur=0.00[0m
